MPLINK 4.49, Linker
Linker Map File - Created Wed Jun 22 22:03:13 2016

                                 Section Info
                  Section       Type    Address   Location Size(Bytes)
                ---------  ---------  ---------  ---------  ---------
                   .org_0       code   0x000000    program   0x000002
                   .cinit    romdata   0x000001    program   0x000004
                   .org_1       code   0x000004    program   0x000002
                   .org_2       code   0x000005    program   0x0003c2
       .config_2007_PRJ.O       code   0x002007    program   0x000002



                              Program Memory Usage 
                               Start         End      
                           ---------   ---------      
                            0x000000    0x000002      
                            0x000004    0x0001e5      
                            0x002007    0x002007      
            486 out of 8455 program addresses used, program memory utilization is 5%



                              Symbols - Sorted by Name
                     Name    Address   Location    Storage File                     
                ---------  ---------  ---------  --------- ---------                
                Delay_s_0   0x0001d3    program     static C:\Users\metac\Desktop\microcontroladores\delay_s.INC
                Delay_s_1   0x0001d4    program     static C:\Users\metac\Desktop\microcontroladores\delay_s.INC
                Delay_s_2   0x0001da    program     static C:\Users\metac\Desktop\microcontroladores\delay_s.INC
              Seguir_tmr0   0x0000d9    program     static C:\Users\metac\Desktop\microcontroladores\prj.asm
             _.org_2_000C   0x00000c    program     static C:\Users\metac\Desktop\microcontroladores\prj.asm
             _.org_2_0011   0x000011    program     static C:\Users\metac\Desktop\microcontroladores\prj.asm
             _.org_2_0016   0x000016    program     static C:\Users\metac\Desktop\microcontroladores\prj.asm
             _.org_2_001B   0x00001b    program     static C:\Users\metac\Desktop\microcontroladores\prj.asm
             _.org_2_0020   0x000020    program     static C:\Users\metac\Desktop\microcontroladores\prj.asm
             _.org_2_0025   0x000025    program     static C:\Users\metac\Desktop\microcontroladores\prj.asm
             _.org_2_002A   0x00002a    program     static C:\Users\metac\Desktop\microcontroladores\prj.asm
             _.org_2_002F   0x00002f    program     static C:\Users\metac\Desktop\microcontroladores\prj.asm
             _.org_2_0034   0x000034    program     static C:\Users\metac\Desktop\microcontroladores\prj.asm
             _.org_2_0039   0x000039    program     static C:\Users\metac\Desktop\microcontroladores\prj.asm
             _.org_2_003E   0x00003e    program     static C:\Users\metac\Desktop\microcontroladores\prj.asm
             _.org_2_0043   0x000043    program     static C:\Users\metac\Desktop\microcontroladores\prj.asm
             _.org_2_0048   0x000048    program     static C:\Users\metac\Desktop\microcontroladores\prj.asm
             _.org_2_004D   0x00004d    program     static C:\Users\metac\Desktop\microcontroladores\prj.asm
             _.org_2_0052   0x000052    program     static C:\Users\metac\Desktop\microcontroladores\prj.asm
             _.org_2_0084   0x000084    program     static C:\Users\metac\Desktop\microcontroladores\prj.asm
             _.org_2_0089   0x000089    program     static C:\Users\metac\Desktop\microcontroladores\prj.asm
             _.org_2_008E   0x00008e    program     static C:\Users\metac\Desktop\microcontroladores\prj.asm
             _.org_2_0093   0x000093    program     static C:\Users\metac\Desktop\microcontroladores\prj.asm
             _.org_2_0098   0x000098    program     static C:\Users\metac\Desktop\microcontroladores\prj.asm
             _.org_2_009D   0x00009d    program     static C:\Users\metac\Desktop\microcontroladores\prj.asm
             _.org_2_00A2   0x0000a2    program     static C:\Users\metac\Desktop\microcontroladores\prj.asm
             _.org_2_00A7   0x0000a7    program     static C:\Users\metac\Desktop\microcontroladores\prj.asm
             _.org_2_00AC   0x0000ac    program     static C:\Users\metac\Desktop\microcontroladores\prj.asm
             _.org_2_00B1   0x0000b1    program     static C:\Users\metac\Desktop\microcontroladores\prj.asm
             _.org_2_00B6   0x0000b6    program     static C:\Users\metac\Desktop\microcontroladores\prj.asm
             _.org_2_00BB   0x0000bb    program     static C:\Users\metac\Desktop\microcontroladores\prj.asm
             _.org_2_00C0   0x0000c0    program     static C:\Users\metac\Desktop\microcontroladores\prj.asm
             _.org_2_00C5   0x0000c5    program     static C:\Users\metac\Desktop\microcontroladores\prj.asm
             _.org_2_00CA   0x0000ca    program     static C:\Users\metac\Desktop\microcontroladores\prj.asm
             _.org_2_0109   0x000109    program     static C:\Users\metac\Desktop\microcontroladores\prj.asm
             _.org_2_010E   0x00010e    program     static C:\Users\metac\Desktop\microcontroladores\prj.asm
             _.org_2_0113   0x000113    program     static C:\Users\metac\Desktop\microcontroladores\prj.asm
             _.org_2_0118   0x000118    program     static C:\Users\metac\Desktop\microcontroladores\prj.asm
             _.org_2_011D   0x00011d    program     static C:\Users\metac\Desktop\microcontroladores\prj.asm
             _.org_2_0122   0x000122    program     static C:\Users\metac\Desktop\microcontroladores\prj.asm
             _.org_2_0127   0x000127    program     static C:\Users\metac\Desktop\microcontroladores\prj.asm
             _.org_2_012C   0x00012c    program     static C:\Users\metac\Desktop\microcontroladores\prj.asm
             _.org_2_0131   0x000131    program     static C:\Users\metac\Desktop\microcontroladores\prj.asm
             _.org_2_0136   0x000136    program     static C:\Users\metac\Desktop\microcontroladores\prj.asm
             _.org_2_013B   0x00013b    program     static C:\Users\metac\Desktop\microcontroladores\prj.asm
             _.org_2_0140   0x000140    program     static C:\Users\metac\Desktop\microcontroladores\prj.asm
             _.org_2_0145   0x000145    program     static C:\Users\metac\Desktop\microcontroladores\prj.asm
             _.org_2_014A   0x00014a    program     static C:\Users\metac\Desktop\microcontroladores\prj.asm
             _.org_2_014F   0x00014f    program     static C:\Users\metac\Desktop\microcontroladores\prj.asm
             _.org_2_01CD   0x0001cd    program     static C:\Users\metac\Desktop\microcontroladores\prj.asm
             _.org_2_01CF   0x0001cf    program     static C:\Users\metac\Desktop\microcontroladores\prj.asm
             _.org_2_01D1   0x0001d1    program     static C:\Users\metac\Desktop\microcontroladores\prj.asm
             _.org_2_01DB   0x0001db    program     static C:\Users\metac\Desktop\microcontroladores\delay_s.INC
             _.org_2_01DD   0x0001dd    program     static C:\Users\metac\Desktop\microcontroladores\delay_s.INC
             _.org_2_01E3   0x0001e3    program     static C:\Users\metac\Desktop\microcontroladores\delay_s.INC
  decrementando_aleatorio   0x000154    program     static C:\Users\metac\Desktop\microcontroladores\prj.asm
        encendido_de_leds   0x0000f5    program     static C:\Users\metac\Desktop\microcontroladores\prj.asm
   fin_interrupcion_portb   0x00006e    program     static C:\Users\metac\Desktop\microcontroladores\prj.asm
    fin_interrupcion_tmr0   0x0000d4    program     static C:\Users\metac\Desktop\microcontroladores\prj.asm
       finalizando_random   0x000058    program     static C:\Users\metac\Desktop\microcontroladores\prj.asm
           generar_random   0x000005    program     static C:\Users\metac\Desktop\microcontroladores\prj.asm
       incrementando_dato   0x000158    program     static C:\Users\metac\Desktop\microcontroladores\prj.asm
       interrupciom_portb   0x00005b    program     static C:\Users\metac\Desktop\microcontroladores\prj.asm
             interrupcion   0x00005a    program     static C:\Users\metac\Desktop\microcontroladores\prj.asm
      interrupcion_timer0   0x000070    program     static C:\Users\metac\Desktop\microcontroladores\prj.asm
                     lazo   0x00015d    program     static C:\Users\metac\Desktop\microcontroladores\prj.asm
                     main   0x0000de    program     static C:\Users\metac\Desktop\microcontroladores\prj.asm
                     mult   0x000074    program     static C:\Users\metac\Desktop\microcontroladores\prj.asm
           multiplicacion   0x0000fd    program     static C:\Users\metac\Desktop\microcontroladores\prj.asm
                  retardo   0x0001c0    program     static C:\Users\metac\Desktop\microcontroladores\prj.asm
               retardo_1s   0x0001c5    program     static C:\Users\metac\Desktop\microcontroladores\prj.asm
       salir_interrupcion   0x0000dd    program     static C:\Users\metac\Desktop\microcontroladores\prj.asm
                  sector1   0x000160    program     static C:\Users\metac\Desktop\microcontroladores\prj.asm
                 sector10   0x000196    program     static C:\Users\metac\Desktop\microcontroladores\prj.asm
                 sector11   0x00019c    program     static C:\Users\metac\Desktop\microcontroladores\prj.asm
                 sector12   0x0001a2    program     static C:\Users\metac\Desktop\microcontroladores\prj.asm
                 sector13   0x0001a8    program     static C:\Users\metac\Desktop\microcontroladores\prj.asm
                 sector14   0x0001ae    program     static C:\Users\metac\Desktop\microcontroladores\prj.asm
                 sector15   0x0001b4    program     static C:\Users\metac\Desktop\microcontroladores\prj.asm
                 sector16   0x0001ba    program     static C:\Users\metac\Desktop\microcontroladores\prj.asm
                  sector2   0x000166    program     static C:\Users\metac\Desktop\microcontroladores\prj.asm
                  sector3   0x00016c    program     static C:\Users\metac\Desktop\microcontroladores\prj.asm
                  sector4   0x000172    program     static C:\Users\metac\Desktop\microcontroladores\prj.asm
                  sector5   0x000178    program     static C:\Users\metac\Desktop\microcontroladores\prj.asm
                  sector6   0x00017e    program     static C:\Users\metac\Desktop\microcontroladores\prj.asm
                  sector7   0x000184    program     static C:\Users\metac\Desktop\microcontroladores\prj.asm
                  sector8   0x00018a    program     static C:\Users\metac\Desktop\microcontroladores\prj.asm
                  sector9   0x000190    program     static C:\Users\metac\Desktop\microcontroladores\prj.asm



                              Symbols - Sorted by Address
                     Name    Address   Location    Storage File                     
                ---------  ---------  ---------  --------- ---------                
           generar_random   0x000005    program     static C:\Users\metac\Desktop\microcontroladores\prj.asm
             _.org_2_000C   0x00000c    program     static C:\Users\metac\Desktop\microcontroladores\prj.asm
             _.org_2_0011   0x000011    program     static C:\Users\metac\Desktop\microcontroladores\prj.asm
             _.org_2_0016   0x000016    program     static C:\Users\metac\Desktop\microcontroladores\prj.asm
             _.org_2_001B   0x00001b    program     static C:\Users\metac\Desktop\microcontroladores\prj.asm
             _.org_2_0020   0x000020    program     static C:\Users\metac\Desktop\microcontroladores\prj.asm
             _.org_2_0025   0x000025    program     static C:\Users\metac\Desktop\microcontroladores\prj.asm
             _.org_2_002A   0x00002a    program     static C:\Users\metac\Desktop\microcontroladores\prj.asm
             _.org_2_002F   0x00002f    program     static C:\Users\metac\Desktop\microcontroladores\prj.asm
             _.org_2_0034   0x000034    program     static C:\Users\metac\Desktop\microcontroladores\prj.asm
             _.org_2_0039   0x000039    program     static C:\Users\metac\Desktop\microcontroladores\prj.asm
             _.org_2_003E   0x00003e    program     static C:\Users\metac\Desktop\microcontroladores\prj.asm
             _.org_2_0043   0x000043    program     static C:\Users\metac\Desktop\microcontroladores\prj.asm
             _.org_2_0048   0x000048    program     static C:\Users\metac\Desktop\microcontroladores\prj.asm
             _.org_2_004D   0x00004d    program     static C:\Users\metac\Desktop\microcontroladores\prj.asm
             _.org_2_0052   0x000052    program     static C:\Users\metac\Desktop\microcontroladores\prj.asm
       finalizando_random   0x000058    program     static C:\Users\metac\Desktop\microcontroladores\prj.asm
             interrupcion   0x00005a    program     static C:\Users\metac\Desktop\microcontroladores\prj.asm
       interrupciom_portb   0x00005b    program     static C:\Users\metac\Desktop\microcontroladores\prj.asm
   fin_interrupcion_portb   0x00006e    program     static C:\Users\metac\Desktop\microcontroladores\prj.asm
      interrupcion_timer0   0x000070    program     static C:\Users\metac\Desktop\microcontroladores\prj.asm
                     mult   0x000074    program     static C:\Users\metac\Desktop\microcontroladores\prj.asm
             _.org_2_0084   0x000084    program     static C:\Users\metac\Desktop\microcontroladores\prj.asm
             _.org_2_0089   0x000089    program     static C:\Users\metac\Desktop\microcontroladores\prj.asm
             _.org_2_008E   0x00008e    program     static C:\Users\metac\Desktop\microcontroladores\prj.asm
             _.org_2_0093   0x000093    program     static C:\Users\metac\Desktop\microcontroladores\prj.asm
             _.org_2_0098   0x000098    program     static C:\Users\metac\Desktop\microcontroladores\prj.asm
             _.org_2_009D   0x00009d    program     static C:\Users\metac\Desktop\microcontroladores\prj.asm
             _.org_2_00A2   0x0000a2    program     static C:\Users\metac\Desktop\microcontroladores\prj.asm
             _.org_2_00A7   0x0000a7    program     static C:\Users\metac\Desktop\microcontroladores\prj.asm
             _.org_2_00AC   0x0000ac    program     static C:\Users\metac\Desktop\microcontroladores\prj.asm
             _.org_2_00B1   0x0000b1    program     static C:\Users\metac\Desktop\microcontroladores\prj.asm
             _.org_2_00B6   0x0000b6    program     static C:\Users\metac\Desktop\microcontroladores\prj.asm
             _.org_2_00BB   0x0000bb    program     static C:\Users\metac\Desktop\microcontroladores\prj.asm
             _.org_2_00C0   0x0000c0    program     static C:\Users\metac\Desktop\microcontroladores\prj.asm
             _.org_2_00C5   0x0000c5    program     static C:\Users\metac\Desktop\microcontroladores\prj.asm
             _.org_2_00CA   0x0000ca    program     static C:\Users\metac\Desktop\microcontroladores\prj.asm
    fin_interrupcion_tmr0   0x0000d4    program     static C:\Users\metac\Desktop\microcontroladores\prj.asm
              Seguir_tmr0   0x0000d9    program     static C:\Users\metac\Desktop\microcontroladores\prj.asm
       salir_interrupcion   0x0000dd    program     static C:\Users\metac\Desktop\microcontroladores\prj.asm
                     main   0x0000de    program     static C:\Users\metac\Desktop\microcontroladores\prj.asm
        encendido_de_leds   0x0000f5    program     static C:\Users\metac\Desktop\microcontroladores\prj.asm
           multiplicacion   0x0000fd    program     static C:\Users\metac\Desktop\microcontroladores\prj.asm
             _.org_2_0109   0x000109    program     static C:\Users\metac\Desktop\microcontroladores\prj.asm
             _.org_2_010E   0x00010e    program     static C:\Users\metac\Desktop\microcontroladores\prj.asm
             _.org_2_0113   0x000113    program     static C:\Users\metac\Desktop\microcontroladores\prj.asm
             _.org_2_0118   0x000118    program     static C:\Users\metac\Desktop\microcontroladores\prj.asm
             _.org_2_011D   0x00011d    program     static C:\Users\metac\Desktop\microcontroladores\prj.asm
             _.org_2_0122   0x000122    program     static C:\Users\metac\Desktop\microcontroladores\prj.asm
             _.org_2_0127   0x000127    program     static C:\Users\metac\Desktop\microcontroladores\prj.asm
             _.org_2_012C   0x00012c    program     static C:\Users\metac\Desktop\microcontroladores\prj.asm
             _.org_2_0131   0x000131    program     static C:\Users\metac\Desktop\microcontroladores\prj.asm
             _.org_2_0136   0x000136    program     static C:\Users\metac\Desktop\microcontroladores\prj.asm
             _.org_2_013B   0x00013b    program     static C:\Users\metac\Desktop\microcontroladores\prj.asm
             _.org_2_0140   0x000140    program     static C:\Users\metac\Desktop\microcontroladores\prj.asm
             _.org_2_0145   0x000145    program     static C:\Users\metac\Desktop\microcontroladores\prj.asm
             _.org_2_014A   0x00014a    program     static C:\Users\metac\Desktop\microcontroladores\prj.asm
             _.org_2_014F   0x00014f    program     static C:\Users\metac\Desktop\microcontroladores\prj.asm
  decrementando_aleatorio   0x000154    program     static C:\Users\metac\Desktop\microcontroladores\prj.asm
       incrementando_dato   0x000158    program     static C:\Users\metac\Desktop\microcontroladores\prj.asm
                     lazo   0x00015d    program     static C:\Users\metac\Desktop\microcontroladores\prj.asm
                  sector1   0x000160    program     static C:\Users\metac\Desktop\microcontroladores\prj.asm
                  sector2   0x000166    program     static C:\Users\metac\Desktop\microcontroladores\prj.asm
                  sector3   0x00016c    program     static C:\Users\metac\Desktop\microcontroladores\prj.asm
                  sector4   0x000172    program     static C:\Users\metac\Desktop\microcontroladores\prj.asm
                  sector5   0x000178    program     static C:\Users\metac\Desktop\microcontroladores\prj.asm
                  sector6   0x00017e    program     static C:\Users\metac\Desktop\microcontroladores\prj.asm
                  sector7   0x000184    program     static C:\Users\metac\Desktop\microcontroladores\prj.asm
                  sector8   0x00018a    program     static C:\Users\metac\Desktop\microcontroladores\prj.asm
                  sector9   0x000190    program     static C:\Users\metac\Desktop\microcontroladores\prj.asm
                 sector10   0x000196    program     static C:\Users\metac\Desktop\microcontroladores\prj.asm
                 sector11   0x00019c    program     static C:\Users\metac\Desktop\microcontroladores\prj.asm
                 sector12   0x0001a2    program     static C:\Users\metac\Desktop\microcontroladores\prj.asm
                 sector13   0x0001a8    program     static C:\Users\metac\Desktop\microcontroladores\prj.asm
                 sector14   0x0001ae    program     static C:\Users\metac\Desktop\microcontroladores\prj.asm
                 sector15   0x0001b4    program     static C:\Users\metac\Desktop\microcontroladores\prj.asm
                 sector16   0x0001ba    program     static C:\Users\metac\Desktop\microcontroladores\prj.asm
                  retardo   0x0001c0    program     static C:\Users\metac\Desktop\microcontroladores\prj.asm
               retardo_1s   0x0001c5    program     static C:\Users\metac\Desktop\microcontroladores\prj.asm
             _.org_2_01CD   0x0001cd    program     static C:\Users\metac\Desktop\microcontroladores\prj.asm
             _.org_2_01CF   0x0001cf    program     static C:\Users\metac\Desktop\microcontroladores\prj.asm
             _.org_2_01D1   0x0001d1    program     static C:\Users\metac\Desktop\microcontroladores\prj.asm
                Delay_s_0   0x0001d3    program     static C:\Users\metac\Desktop\microcontroladores\delay_s.INC
                Delay_s_1   0x0001d4    program     static C:\Users\metac\Desktop\microcontroladores\delay_s.INC
                Delay_s_2   0x0001da    program     static C:\Users\metac\Desktop\microcontroladores\delay_s.INC
             _.org_2_01DB   0x0001db    program     static C:\Users\metac\Desktop\microcontroladores\delay_s.INC
             _.org_2_01DD   0x0001dd    program     static C:\Users\metac\Desktop\microcontroladores\delay_s.INC
             _.org_2_01E3   0x0001e3    program     static C:\Users\metac\Desktop\microcontroladores\delay_s.INC


