MPLINK 4.49, Linker
Linker Map File - Created Fri Jul 08 13:49:18 2016

                                 Section Info
                  Section       Type    Address   Location Size(Bytes)
                ---------  ---------  ---------  ---------  ---------
                   .org_0       code   0x000000    program   0x000002
                   .cinit    romdata   0x000001    program   0x000004
                   .org_1       code   0x000004    program   0x000478
      .config_2007_PRJ1.O       code   0x002007    program   0x000002



                              Program Memory Usage 
                               Start         End      
                           ---------   ---------      
                            0x000000    0x000002      
                            0x000004    0x00023f      
                            0x002007    0x002007      
            576 out of 8455 program addresses used, program memory utilization is 6%



                              Symbols - Sorted by Name
                     Name    Address   Location    Storage File                     
                ---------  ---------  ---------  --------- ---------                
                       DO   0x000201    program     static C:\Users\metac\Desktop\proyecto micro 2\microcontroladores\prj1.asm
                Delay_s_0   0x000221    program     static C:\Users\metac\Desktop\proyecto micro 2\microcontroladores\delay_s.INC
                Delay_s_1   0x000222    program     static C:\Users\metac\Desktop\proyecto micro 2\microcontroladores\delay_s.INC
                Delay_s_2   0x000228    program     static C:\Users\metac\Desktop\proyecto micro 2\microcontroladores\delay_s.INC
                       FA   0x00020d    program     static C:\Users\metac\Desktop\proyecto micro 2\microcontroladores\prj1.asm
                   FINISH   0x00001a    program     static C:\Users\metac\Desktop\proyecto micro 2\microcontroladores\prj1.asm
             INTERRUPCION   0x000005    program     static C:\Users\metac\Desktop\proyecto micro 2\microcontroladores\prj1.asm
                    INTRB   0x00000a    program     static C:\Users\metac\Desktop\proyecto micro 2\microcontroladores\prj1.asm
                  INTTMR0   0x0000cf    program     static C:\Users\metac\Desktop\proyecto micro 2\microcontroladores\prj1.asm
                       LA   0x000215    program     static C:\Users\metac\Desktop\proyecto micro 2\microcontroladores\prj1.asm
                     MAIN   0x0000da    program     static C:\Users\metac\Desktop\proyecto micro 2\microcontroladores\prj1.asm
                       MI   0x000209    program     static C:\Users\metac\Desktop\proyecto micro 2\microcontroladores\prj1.asm
                       RE   0x000205    program     static C:\Users\metac\Desktop\proyecto micro 2\microcontroladores\prj1.asm
                       SI   0x000219    program     static C:\Users\metac\Desktop\proyecto micro 2\microcontroladores\prj1.asm
                      SOL   0x000211    program     static C:\Users\metac\Desktop\proyecto micro 2\microcontroladores\prj1.asm
             _.org_1_0027   0x000027    program     static C:\Users\metac\Desktop\proyecto micro 2\microcontroladores\prj1.asm
             _.org_1_003C   0x00003c    program     static C:\Users\metac\Desktop\proyecto micro 2\microcontroladores\prj1.asm
             _.org_1_0051   0x000051    program     static C:\Users\metac\Desktop\proyecto micro 2\microcontroladores\prj1.asm
             _.org_1_0066   0x000066    program     static C:\Users\metac\Desktop\proyecto micro 2\microcontroladores\prj1.asm
             _.org_1_007B   0x00007b    program     static C:\Users\metac\Desktop\proyecto micro 2\microcontroladores\prj1.asm
             _.org_1_0090   0x000090    program     static C:\Users\metac\Desktop\proyecto micro 2\microcontroladores\prj1.asm
             _.org_1_00A5   0x0000a5    program     static C:\Users\metac\Desktop\proyecto micro 2\microcontroladores\prj1.asm
             _.org_1_00B9   0x0000b9    program     static C:\Users\metac\Desktop\proyecto micro 2\microcontroladores\prj1.asm
             _.org_1_011E   0x00011e    program     static C:\Users\metac\Desktop\proyecto micro 2\microcontroladores\prj1.asm
             _.org_1_0123   0x000123    program     static C:\Users\metac\Desktop\proyecto micro 2\microcontroladores\prj1.asm
             _.org_1_0128   0x000128    program     static C:\Users\metac\Desktop\proyecto micro 2\microcontroladores\prj1.asm
             _.org_1_012D   0x00012d    program     static C:\Users\metac\Desktop\proyecto micro 2\microcontroladores\prj1.asm
             _.org_1_0132   0x000132    program     static C:\Users\metac\Desktop\proyecto micro 2\microcontroladores\prj1.asm
             _.org_1_0137   0x000137    program     static C:\Users\metac\Desktop\proyecto micro 2\microcontroladores\prj1.asm
             _.org_1_013C   0x00013c    program     static C:\Users\metac\Desktop\proyecto micro 2\microcontroladores\prj1.asm
             _.org_1_0141   0x000141    program     static C:\Users\metac\Desktop\proyecto micro 2\microcontroladores\prj1.asm
             _.org_1_0146   0x000146    program     static C:\Users\metac\Desktop\proyecto micro 2\microcontroladores\prj1.asm
             _.org_1_014B   0x00014b    program     static C:\Users\metac\Desktop\proyecto micro 2\microcontroladores\prj1.asm
             _.org_1_0150   0x000150    program     static C:\Users\metac\Desktop\proyecto micro 2\microcontroladores\prj1.asm
             _.org_1_0155   0x000155    program     static C:\Users\metac\Desktop\proyecto micro 2\microcontroladores\prj1.asm
             _.org_1_015A   0x00015a    program     static C:\Users\metac\Desktop\proyecto micro 2\microcontroladores\prj1.asm
             _.org_1_015F   0x00015f    program     static C:\Users\metac\Desktop\proyecto micro 2\microcontroladores\prj1.asm
             _.org_1_0164   0x000164    program     static C:\Users\metac\Desktop\proyecto micro 2\microcontroladores\prj1.asm
             _.org_1_0229   0x000229    program     static C:\Users\metac\Desktop\proyecto micro 2\microcontroladores\delay_s.INC
             _.org_1_022B   0x00022b    program     static C:\Users\metac\Desktop\proyecto micro 2\microcontroladores\delay_s.INC
             _.org_1_0231   0x000231    program     static C:\Users\metac\Desktop\proyecto micro 2\microcontroladores\delay_s.INC
             _.org_1_023C   0x00023c    program     static C:\Users\metac\Desktop\proyecto micro 2\microcontroladores\delay_ms.INC
               delay_ms_0   0x000234    program     static C:\Users\metac\Desktop\proyecto micro 2\microcontroladores\delay_ms.INC
            delay_ms_loop   0x000236    program     static C:\Users\metac\Desktop\proyecto micro 2\microcontroladores\delay_ms.INC
                       do   0x00021d    program     static C:\Users\metac\Desktop\proyecto micro 2\microcontroladores\prj1.asm
        encendido_de_leds   0x00010d    program     static C:\Users\metac\Desktop\proyecto micro 2\microcontroladores\prj1.asm
             gano_partida   0x00019a    program     static C:\Users\metac\Desktop\proyecto micro 2\microcontroladores\prj1.asm
      generando_aleatorio   0x000169    program     static C:\Users\metac\Desktop\proyecto micro 2\microcontroladores\prj1.asm
                   hacer0   0x0000d6    program     static C:\Users\metac\Desktop\proyecto micro 2\microcontroladores\prj1.asm
       incrementando_dato   0x000171    program     static C:\Users\metac\Desktop\proyecto micro 2\microcontroladores\prj1.asm
                   label0   0x000023    program     static C:\Users\metac\Desktop\proyecto micro 2\microcontroladores\prj1.asm
                   label1   0x000038    program     static C:\Users\metac\Desktop\proyecto micro 2\microcontroladores\prj1.asm
                   label2   0x00004d    program     static C:\Users\metac\Desktop\proyecto micro 2\microcontroladores\prj1.asm
                   label3   0x000062    program     static C:\Users\metac\Desktop\proyecto micro 2\microcontroladores\prj1.asm
                   label4   0x000077    program     static C:\Users\metac\Desktop\proyecto micro 2\microcontroladores\prj1.asm
                   label5   0x00008c    program     static C:\Users\metac\Desktop\proyecto micro 2\microcontroladores\prj1.asm
                   label6   0x0000a1    program     static C:\Users\metac\Desktop\proyecto micro 2\microcontroladores\prj1.asm
                   label7   0x0000b5    program     static C:\Users\metac\Desktop\proyecto micro 2\microcontroladores\prj1.asm
                     lazo   0x000176    program     static C:\Users\metac\Desktop\proyecto micro 2\microcontroladores\prj1.asm
    lazo_infinito_perdida   0x000198    program     static C:\Users\metac\Desktop\proyecto micro 2\microcontroladores\prj1.asm
   lazo_infinito_victoria   0x00019f    program     static C:\Users\metac\Desktop\proyecto micro 2\microcontroladores\prj1.asm
          llamar_delay_1s   0x000189    program     static C:\Users\metac\Desktop\proyecto micro 2\microcontroladores\prj1.asm
          llamar_delay_2s   0x000186    program     static C:\Users\metac\Desktop\proyecto micro 2\microcontroladores\prj1.asm
          llamar_delay_ms   0x00018c    program     static C:\Users\metac\Desktop\proyecto micro 2\microcontroladores\prj1.asm
           multiplicacion   0x000112    program     static C:\Users\metac\Desktop\proyecto micro 2\microcontroladores\prj1.asm
           no_acerto_topo   0x0000ca    program     static C:\Users\metac\Desktop\proyecto micro 2\microcontroladores\prj1.asm
           perdio_partida   0x000193    program     static C:\Users\metac\Desktop\proyecto micro 2\microcontroladores\prj1.asm
                  sector1   0x0001a1    program     static C:\Users\metac\Desktop\proyecto micro 2\microcontroladores\prj1.asm
                 sector10   0x0001d7    program     static C:\Users\metac\Desktop\proyecto micro 2\microcontroladores\prj1.asm
                 sector11   0x0001dd    program     static C:\Users\metac\Desktop\proyecto micro 2\microcontroladores\prj1.asm
                 sector12   0x0001e3    program     static C:\Users\metac\Desktop\proyecto micro 2\microcontroladores\prj1.asm
                 sector13   0x0001e9    program     static C:\Users\metac\Desktop\proyecto micro 2\microcontroladores\prj1.asm
                 sector14   0x0001ef    program     static C:\Users\metac\Desktop\proyecto micro 2\microcontroladores\prj1.asm
                 sector15   0x0001f5    program     static C:\Users\metac\Desktop\proyecto micro 2\microcontroladores\prj1.asm
                 sector16   0x0001fb    program     static C:\Users\metac\Desktop\proyecto micro 2\microcontroladores\prj1.asm
                  sector2   0x0001a7    program     static C:\Users\metac\Desktop\proyecto micro 2\microcontroladores\prj1.asm
                  sector3   0x0001ad    program     static C:\Users\metac\Desktop\proyecto micro 2\microcontroladores\prj1.asm
                  sector4   0x0001b3    program     static C:\Users\metac\Desktop\proyecto micro 2\microcontroladores\prj1.asm
                  sector5   0x0001b9    program     static C:\Users\metac\Desktop\proyecto micro 2\microcontroladores\prj1.asm
                  sector6   0x0001bf    program     static C:\Users\metac\Desktop\proyecto micro 2\microcontroladores\prj1.asm
                  sector7   0x0001c5    program     static C:\Users\metac\Desktop\proyecto micro 2\microcontroladores\prj1.asm
                  sector8   0x0001cb    program     static C:\Users\metac\Desktop\proyecto micro 2\microcontroladores\prj1.asm
                  sector9   0x0001d1    program     static C:\Users\metac\Desktop\proyecto micro 2\microcontroladores\prj1.asm



                              Symbols - Sorted by Address
                     Name    Address   Location    Storage File                     
                ---------  ---------  ---------  --------- ---------                
             INTERRUPCION   0x000005    program     static C:\Users\metac\Desktop\proyecto micro 2\microcontroladores\prj1.asm
                    INTRB   0x00000a    program     static C:\Users\metac\Desktop\proyecto micro 2\microcontroladores\prj1.asm
                   FINISH   0x00001a    program     static C:\Users\metac\Desktop\proyecto micro 2\microcontroladores\prj1.asm
                   label0   0x000023    program     static C:\Users\metac\Desktop\proyecto micro 2\microcontroladores\prj1.asm
             _.org_1_0027   0x000027    program     static C:\Users\metac\Desktop\proyecto micro 2\microcontroladores\prj1.asm
                   label1   0x000038    program     static C:\Users\metac\Desktop\proyecto micro 2\microcontroladores\prj1.asm
             _.org_1_003C   0x00003c    program     static C:\Users\metac\Desktop\proyecto micro 2\microcontroladores\prj1.asm
                   label2   0x00004d    program     static C:\Users\metac\Desktop\proyecto micro 2\microcontroladores\prj1.asm
             _.org_1_0051   0x000051    program     static C:\Users\metac\Desktop\proyecto micro 2\microcontroladores\prj1.asm
                   label3   0x000062    program     static C:\Users\metac\Desktop\proyecto micro 2\microcontroladores\prj1.asm
             _.org_1_0066   0x000066    program     static C:\Users\metac\Desktop\proyecto micro 2\microcontroladores\prj1.asm
                   label4   0x000077    program     static C:\Users\metac\Desktop\proyecto micro 2\microcontroladores\prj1.asm
             _.org_1_007B   0x00007b    program     static C:\Users\metac\Desktop\proyecto micro 2\microcontroladores\prj1.asm
                   label5   0x00008c    program     static C:\Users\metac\Desktop\proyecto micro 2\microcontroladores\prj1.asm
             _.org_1_0090   0x000090    program     static C:\Users\metac\Desktop\proyecto micro 2\microcontroladores\prj1.asm
                   label6   0x0000a1    program     static C:\Users\metac\Desktop\proyecto micro 2\microcontroladores\prj1.asm
             _.org_1_00A5   0x0000a5    program     static C:\Users\metac\Desktop\proyecto micro 2\microcontroladores\prj1.asm
                   label7   0x0000b5    program     static C:\Users\metac\Desktop\proyecto micro 2\microcontroladores\prj1.asm
             _.org_1_00B9   0x0000b9    program     static C:\Users\metac\Desktop\proyecto micro 2\microcontroladores\prj1.asm
           no_acerto_topo   0x0000ca    program     static C:\Users\metac\Desktop\proyecto micro 2\microcontroladores\prj1.asm
                  INTTMR0   0x0000cf    program     static C:\Users\metac\Desktop\proyecto micro 2\microcontroladores\prj1.asm
                   hacer0   0x0000d6    program     static C:\Users\metac\Desktop\proyecto micro 2\microcontroladores\prj1.asm
                     MAIN   0x0000da    program     static C:\Users\metac\Desktop\proyecto micro 2\microcontroladores\prj1.asm
        encendido_de_leds   0x00010d    program     static C:\Users\metac\Desktop\proyecto micro 2\microcontroladores\prj1.asm
           multiplicacion   0x000112    program     static C:\Users\metac\Desktop\proyecto micro 2\microcontroladores\prj1.asm
             _.org_1_011E   0x00011e    program     static C:\Users\metac\Desktop\proyecto micro 2\microcontroladores\prj1.asm
             _.org_1_0123   0x000123    program     static C:\Users\metac\Desktop\proyecto micro 2\microcontroladores\prj1.asm
             _.org_1_0128   0x000128    program     static C:\Users\metac\Desktop\proyecto micro 2\microcontroladores\prj1.asm
             _.org_1_012D   0x00012d    program     static C:\Users\metac\Desktop\proyecto micro 2\microcontroladores\prj1.asm
             _.org_1_0132   0x000132    program     static C:\Users\metac\Desktop\proyecto micro 2\microcontroladores\prj1.asm
             _.org_1_0137   0x000137    program     static C:\Users\metac\Desktop\proyecto micro 2\microcontroladores\prj1.asm
             _.org_1_013C   0x00013c    program     static C:\Users\metac\Desktop\proyecto micro 2\microcontroladores\prj1.asm
             _.org_1_0141   0x000141    program     static C:\Users\metac\Desktop\proyecto micro 2\microcontroladores\prj1.asm
             _.org_1_0146   0x000146    program     static C:\Users\metac\Desktop\proyecto micro 2\microcontroladores\prj1.asm
             _.org_1_014B   0x00014b    program     static C:\Users\metac\Desktop\proyecto micro 2\microcontroladores\prj1.asm
             _.org_1_0150   0x000150    program     static C:\Users\metac\Desktop\proyecto micro 2\microcontroladores\prj1.asm
             _.org_1_0155   0x000155    program     static C:\Users\metac\Desktop\proyecto micro 2\microcontroladores\prj1.asm
             _.org_1_015A   0x00015a    program     static C:\Users\metac\Desktop\proyecto micro 2\microcontroladores\prj1.asm
             _.org_1_015F   0x00015f    program     static C:\Users\metac\Desktop\proyecto micro 2\microcontroladores\prj1.asm
             _.org_1_0164   0x000164    program     static C:\Users\metac\Desktop\proyecto micro 2\microcontroladores\prj1.asm
      generando_aleatorio   0x000169    program     static C:\Users\metac\Desktop\proyecto micro 2\microcontroladores\prj1.asm
       incrementando_dato   0x000171    program     static C:\Users\metac\Desktop\proyecto micro 2\microcontroladores\prj1.asm
                     lazo   0x000176    program     static C:\Users\metac\Desktop\proyecto micro 2\microcontroladores\prj1.asm
          llamar_delay_2s   0x000186    program     static C:\Users\metac\Desktop\proyecto micro 2\microcontroladores\prj1.asm
          llamar_delay_1s   0x000189    program     static C:\Users\metac\Desktop\proyecto micro 2\microcontroladores\prj1.asm
          llamar_delay_ms   0x00018c    program     static C:\Users\metac\Desktop\proyecto micro 2\microcontroladores\prj1.asm
           perdio_partida   0x000193    program     static C:\Users\metac\Desktop\proyecto micro 2\microcontroladores\prj1.asm
    lazo_infinito_perdida   0x000198    program     static C:\Users\metac\Desktop\proyecto micro 2\microcontroladores\prj1.asm
             gano_partida   0x00019a    program     static C:\Users\metac\Desktop\proyecto micro 2\microcontroladores\prj1.asm
   lazo_infinito_victoria   0x00019f    program     static C:\Users\metac\Desktop\proyecto micro 2\microcontroladores\prj1.asm
                  sector1   0x0001a1    program     static C:\Users\metac\Desktop\proyecto micro 2\microcontroladores\prj1.asm
                  sector2   0x0001a7    program     static C:\Users\metac\Desktop\proyecto micro 2\microcontroladores\prj1.asm
                  sector3   0x0001ad    program     static C:\Users\metac\Desktop\proyecto micro 2\microcontroladores\prj1.asm
                  sector4   0x0001b3    program     static C:\Users\metac\Desktop\proyecto micro 2\microcontroladores\prj1.asm
                  sector5   0x0001b9    program     static C:\Users\metac\Desktop\proyecto micro 2\microcontroladores\prj1.asm
                  sector6   0x0001bf    program     static C:\Users\metac\Desktop\proyecto micro 2\microcontroladores\prj1.asm
                  sector7   0x0001c5    program     static C:\Users\metac\Desktop\proyecto micro 2\microcontroladores\prj1.asm
                  sector8   0x0001cb    program     static C:\Users\metac\Desktop\proyecto micro 2\microcontroladores\prj1.asm
                  sector9   0x0001d1    program     static C:\Users\metac\Desktop\proyecto micro 2\microcontroladores\prj1.asm
                 sector10   0x0001d7    program     static C:\Users\metac\Desktop\proyecto micro 2\microcontroladores\prj1.asm
                 sector11   0x0001dd    program     static C:\Users\metac\Desktop\proyecto micro 2\microcontroladores\prj1.asm
                 sector12   0x0001e3    program     static C:\Users\metac\Desktop\proyecto micro 2\microcontroladores\prj1.asm
                 sector13   0x0001e9    program     static C:\Users\metac\Desktop\proyecto micro 2\microcontroladores\prj1.asm
                 sector14   0x0001ef    program     static C:\Users\metac\Desktop\proyecto micro 2\microcontroladores\prj1.asm
                 sector15   0x0001f5    program     static C:\Users\metac\Desktop\proyecto micro 2\microcontroladores\prj1.asm
                 sector16   0x0001fb    program     static C:\Users\metac\Desktop\proyecto micro 2\microcontroladores\prj1.asm
                       DO   0x000201    program     static C:\Users\metac\Desktop\proyecto micro 2\microcontroladores\prj1.asm
                       RE   0x000205    program     static C:\Users\metac\Desktop\proyecto micro 2\microcontroladores\prj1.asm
                       MI   0x000209    program     static C:\Users\metac\Desktop\proyecto micro 2\microcontroladores\prj1.asm
                       FA   0x00020d    program     static C:\Users\metac\Desktop\proyecto micro 2\microcontroladores\prj1.asm
                      SOL   0x000211    program     static C:\Users\metac\Desktop\proyecto micro 2\microcontroladores\prj1.asm
                       LA   0x000215    program     static C:\Users\metac\Desktop\proyecto micro 2\microcontroladores\prj1.asm
                       SI   0x000219    program     static C:\Users\metac\Desktop\proyecto micro 2\microcontroladores\prj1.asm
                       do   0x00021d    program     static C:\Users\metac\Desktop\proyecto micro 2\microcontroladores\prj1.asm
                Delay_s_0   0x000221    program     static C:\Users\metac\Desktop\proyecto micro 2\microcontroladores\delay_s.INC
                Delay_s_1   0x000222    program     static C:\Users\metac\Desktop\proyecto micro 2\microcontroladores\delay_s.INC
                Delay_s_2   0x000228    program     static C:\Users\metac\Desktop\proyecto micro 2\microcontroladores\delay_s.INC
             _.org_1_0229   0x000229    program     static C:\Users\metac\Desktop\proyecto micro 2\microcontroladores\delay_s.INC
             _.org_1_022B   0x00022b    program     static C:\Users\metac\Desktop\proyecto micro 2\microcontroladores\delay_s.INC
             _.org_1_0231   0x000231    program     static C:\Users\metac\Desktop\proyecto micro 2\microcontroladores\delay_s.INC
               delay_ms_0   0x000234    program     static C:\Users\metac\Desktop\proyecto micro 2\microcontroladores\delay_ms.INC
            delay_ms_loop   0x000236    program     static C:\Users\metac\Desktop\proyecto micro 2\microcontroladores\delay_ms.INC
             _.org_1_023C   0x00023c    program     static C:\Users\metac\Desktop\proyecto micro 2\microcontroladores\delay_ms.INC


