MPASM  5.51                          PRJ1.ASM   7-7-2016  20:56:40         PAGE  1


LOC  OBJECT CODE     LINE SOURCE TEXT
  VALUE

                      00001         LIST            p=16F887                        
                      00002         INCLUDE         P16F887.INC     
                      00001         LIST
                      00002 
                      00003 ;==========================================================================
                      00004 ;  MPASM PIC16F887 processor include
                      00005 ; 
                      00006 ;  (c) Copyright 1999-2013 Microchip Technology, All rights reserved
                      00007 ;==========================================================================
                      00008 
                      00809         LIST
                      00003         INCLUDE     Macro_Delays.INC
                      00001 ;;------------------------------------------------------------------------------------
                      00002 ;;
                      00003 ;; En esta libreria definimos las macros para los retardos usados en las librerias:
                      00004 ;; delay_s.INC, delay_ms.INC y delay_us.INC. Con ello con las simples instrucciones
                      00005 ;; Definidas en las macros, podemos hacer mas leible y facil la programacion de nuestros
                      00006 ;; retardos en ensamblador.
                      00007 ;;
                      00008 ;;-----------------------------------------------------------------------------------
                      00009 ;; ADVERTENCIA: Recordad llamar esta libreria antes que las librerias con los retardos,
                      00010 ;; caso contrario, el compilador les dara un error.
                      00011 ;;-----------------------------------------------------------------------------------
                      00012 
                      00013 
                      00014 ;; Definicion de las macros para los retardos
                      00015                 
                      00016 Delay_s  MACRO  Tiempo_delay
                      00017                 movlw   Tiempo_delay
                      00018                 call    Delay_s_0
                      00019                 ENDM            
                      00020 
                      00021 Delay_ms  MACRO  Tiempo_delay
                      00022                 movlw   Tiempo_delay
                      00023                 call    delay_ms_0
                      00024                 ENDM            
                      00025                 
                      00026 Delay_us  MACRO  Tiempo_delay
                      00027                 movlw   Tiempo_delay
                      00028                 call    Delay_us_0
                      00029                 ENDM            
                      00030                 
                      00031 ;;--------------------------------------------------------------------------------
                      00004         
2007   3FF4           00005         __CONFIG _CONFIG1, _CP_OFF&_WDT_OFF&_INTOSCIO   
                      00006         errorlevel       -302
Warning[207]: Found label after column 1. (CLOCK)
  04000000            00007         CLOCK equ 4000000
                      00008         CBLOCK 0x20
  00000020            00009                 aleatorio    ; contendra numeros entre 1 y 16
  00000021            00010                 contador     ; contador de retardos
  00000022            00011                 temporizador ; contador de interrupciones
  00000023            00012                 dato
MPASM  5.51                          PRJ1.ASM   7-7-2016  20:56:40         PAGE  2


LOC  OBJECT CODE     LINE SOURCE TEXT
  VALUE

  00000024            00013                 cont_mul
  00000025            00014                 operando
  00000026            00015                 topo
  00000027            00016                 tempTMR0 
                      00017         ENDC
                      00018 
                      00019            org  0x00                    ; vector de reset
0000   2???           00020        goto     MAIN                        ; salto a label "main"
                      00021        org      0x04                        ; vector de interrupción  
0004   2???           00022        goto     INTERRUPCION            ; salto a interrupción
                      00023 
                      00024 ;**************************Funciones de Interrupciones***************************
                      00025 ;----------------------------Interrupcion principal------------------------------
                      00026 ;Selecciona la interrupcion adecuada                                                                    
                                            
0005                  00027 INTERRUPCION                                            
                      00028         ;Aqui verifica si se activo alguno de los pines del puertoB                             
0005   180B           00029         BTFSC           INTCON, RBIF    ;Salta a una funcion de interrupcion                    
0006   2???           00030         GOTO            INTRB                   ;dependiendo de cual bandera se activo
                      00031         ;BTFSC          INTCON,T0IF             ;RBIF -> Bandera de cambio de estado del PORTB  
                      00032         ;GOTO           INTTMR0                 ;T0IF -> Bandera de desbordamiento del TMR0             
0007   0009           00033         RETFIE                                                                                          
                                                                            
                      00034 ;-----------------------------Interrupcion del PORTB-----------------------------
0008                  00035 INTRB
0008   1806           00036         BTFSC           PORTB,0                                                                         
                                                                    
0009   2???           00037         GOTO            label0                                                                          
                                                                    
000A   1886           00038         BTFSC           PORTB,1                                                                         
                                                                    
000B   2???           00039         GOTO            label1                                                                          
                                                                    
000C   1906           00040         BTFSC           PORTB,2                                                                         
                                                                    
000D   2???           00041         GOTO            label2
000E   1986           00042         BTFSC           PORTB,3                                                                         
                                                                    
000F   2???           00043         GOTO            label3                                                                          
                                                                    
0010   1A06           00044         BTFSC           PORTB,4                                                                         
                                                                
0011   2???           00045         GOTO            label4                                                                          
                                                                    
0012   1A86           00046         BTFSC           PORTB,5                                                                         
                                                                    
0013   2???           00047         GOTO            label5
0014   1B06           00048         BTFSC           PORTB,6                                                                         
                                                                    
0015   2???           00049         GOTO            label6                                                                          
                                                                    
0016   1B86           00050         BTFSC           PORTB,7                                                                         
                                                                    
MPASM  5.51                          PRJ1.ASM   7-7-2016  20:56:40         PAGE  3


LOC  OBJECT CODE     LINE SOURCE TEXT
  VALUE

0017   2???           00051         GOTO            label7
0018                  00052 FINISH
0018   100B           00053         bcf  INTCON, RBIF
0019   0009           00054         RETFIE
                      00055 
                      00056 ;------------------------------Interrupcion del TMR0----------------------------
                      00057 ;Genera una onda cuadrada a traves del pin RE2                                                          
                                    
                      00058 ;El frecuencia de la onda cuadrada dependerá del sonido a emitir                                
                      00059 ;INTTMR0                                                                                                
                                                                                    
                      00060 ;       BCF                     INTCON,T0IF             ;se encera la bandera del TMR0                  
                                            
                      00061 ;       BTFSC           PORTE,2                 ;verifica el valor anterior de RE2,                     
                                    
                      00062 ;       GOTO            hacer0                  ;si estaba en alto lo pasa a bajo y viceversa   
                      00063 ;       BSF                     PORTE,2                                                                 
                                                                            
                      00064 ;       MOVF            tempTMR0,w              ;tempTMR0 es una variable que almacena el               
                      00065 ;       MOVWF           TMR0                    ;valor inicial que debe tener el TMR0                   
                      00066 ;       RETFIE                                          ;para que genere una interrupción cada          
                                    
                      00067 ;hacer0                                                 ;semiperiodo de la nota musical a emitir        
                                    
                      00068 ;       BCF                     PORTE,2                                                                 
                                                                            
                      00069 ;       MOVF            tempTMR0,w                                                                      
                                                                    
                      00070 ;       MOVWF           TMR0                                                                            
                                                                    
                      00071 ;       RETFIE
                      00072         
                      00073 ;***************************************************************************
                      00074 ;****                                MAIN                                ***
                      00075 ;***************************************************************************
001A                  00076 MAIN
                      00077 ;*************************     SETEO DE PUERTOS    *************************
001A   1283 1303      00078         BANKSEL         INTCON                                                                          
                                                            
                      00079         ;MOVLW          0X01                                                                            
                                                                    
                      00080         ;MOVWF          OPTION_REG
001C   3088           00081         MOVLW           0X88                                                                            
                                                                    
001D   008B           00082         MOVWF           INTCON  ;HABILITA INTERRUP. POR CAMBIO DE ESTADO PORTB
001E   1683 1303      00083         BANKSEL         TRISA
0020   30FF           00084         MOVLW           B'11111111'
0021   0086           00085         MOVWF           TRISB   ; puerto B configurado como entrada
0022   0185           00086         CLRF            TRISA   ; puerto A configurado como salida
0023   0187           00087         CLRF            TRISC   ; puerto D y C conectados a la matriz de leds
0024   0188           00088         CLRF            TRISD   ; puerto D y C configurado como salida
0025   0189           00089         CLRF            TRISE
0026   1683 1703      00090         BANKSEL         ANSEL                                                                           
MPASM  5.51                          PRJ1.ASM   7-7-2016  20:56:40         PAGE  4


LOC  OBJECT CODE     LINE SOURCE TEXT
  VALUE

                                                                    
0028   0188           00091         CLRF            ANSEL                   ; configura puertos con entradas digitales              
0029   0189           00092         CLRF            ANSELH                  ; configura puertos con entradas digitales              
                                    
002A   1683 1303      00093         BANKSEL         IOCB                                                                            
                                                                    
002C   30FF           00094         MOVLW           B'11111111'                                                                     
                                                                                    
002D   0096           00095         MOVWF           IOCB
002E   1283           00096         BCF                     STATUS,RP0              ;regresa al banco cero
002F   1283 1303      00097         banksel         PORTA
0031   0185           00098         clrf            PORTA   
0032   0186           00099     clrf                PORTB   
0033   0187           00100     clrf                PORTC
0034   0188           00101     clrf                PORTD
0035   0189           00102         CLRF            PORTE
                      00103 ;****************************************************************************
                      00104 
                      00105 ;********************** INICIALIZACION DE VARIABLES *************************
0036   3005           00106         movlw   .5
0037   00A3           00107         movwf   dato
0038   3004           00108         MOVLW   .4
0039   00A0           00109         MOVWF   aleatorio
003A   01A1           00110         CLRF    contador    ; CONTADOR DE RETARDOS
003B   01A6           00111         clrf    topo
                      00112 ;****************************************************************************
                      00113 
003C                  00114 encendido_de_leds
003C   01A4           00115         clrf   cont_mul
003D   3002           00116         movlw  .2
003E   00A4           00117         movwf  cont_mul
003F   0820           00118         movf   aleatorio,0  ; w = aleatorio
0040   00A5           00119         movwf  operando    ; operando = w
0041                  00120 multiplicacion
0041   0725           00121         addwf  operando,W  ; operando lleva la acumulacion de las sumas consecutivas
0042   0BA4           00122         decfsz cont_mul,F
0043   2???           00123         goto   multiplicacion
                      00124 
0044   00A5           00125         movwf  operando
0045   0823           00126         movf   dato,0        ; W = dato 
0046   0725           00127         addwf  operando,W    ; W = operando + dato(que es W)
0047   390F           00128         andlw  0x0F
0048   00A6           00129         movwf  topo
                      00130 
                      00131         ;****** es igual a 15 *******
0049   300F           00132         movlw  0x0F ; 15
004A   0626           00133         xorwf  topo,W
004B   1903           00134         btfsc  STATUS,2
004C   2???           00135         goto   sector16
004D   2???           00136         goto   $+1
                      00137         ;****** es igual a 14 *******
004E   300E           00138         movlw  0x0E ; 14
004F   0626           00139         xorwf  topo,W
MPASM  5.51                          PRJ1.ASM   7-7-2016  20:56:40         PAGE  5


LOC  OBJECT CODE     LINE SOURCE TEXT
  VALUE

0050   1903           00140         btfsc  STATUS,2
0051   2???           00141         goto   sector15
0052   2???           00142         goto   $+1
                      00143         ;****** es igual a 13 *******
0053   300D           00144         movlw  0x0D ; 13
0054   0626           00145         xorwf  topo,W
0055   1903           00146         btfsc  STATUS,2
0056   2???           00147         goto   sector14
0057   2???           00148         goto   $+1
                      00149         ;****** es igual a 12 *******
0058   300C           00150         movlw  0x0C ; 12
0059   0626           00151         xorwf  topo,W
005A   1903           00152         btfsc  STATUS,2
005B   2???           00153         goto   sector13
005C   2???           00154         goto   $+1
                      00155         ;****** es igual a 11 *******
005D   300B           00156         movlw  0x0B ; 11
005E   0626           00157         xorwf  topo,W
005F   1903           00158         btfsc  STATUS,2
0060   2???           00159         goto   sector12
0061   2???           00160         goto   $+1
                      00161         ;****** es igual a 10 *******
0062   300A           00162         movlw  0x0A ; 10
0063   0626           00163         xorwf  topo,W
0064   1903           00164         btfsc  STATUS,2
0065   2???           00165         goto   sector11
0066   2???           00166         goto   $+1
                      00167         ;****** es igual a 9 *******
0067   3009           00168         movlw  0x09 ; 9
0068   0626           00169         xorwf  topo,W
0069   1903           00170         btfsc  STATUS,2
006A   2???           00171         goto   sector10
006B   2???           00172         goto   $+1
                      00173         ;****** es igual a 8 *******
006C   3008           00174         movlw  0x08 ; 8
006D   0626           00175         xorwf  topo,W
006E   1903           00176         btfsc  STATUS,2
006F   2???           00177         goto   sector9
0070   2???           00178         goto   $+1
                      00179         ;****** es igual a 7 *******
0071   3007           00180         movlw  0x07 ; 7
0072   0626           00181         xorwf  topo,W
0073   1903           00182         btfsc  STATUS,2
0074   2???           00183         goto   sector8
0075   2???           00184         goto   $+1
                      00185         ;****** es igual a 6 *******
0076   3006           00186         movlw  0x06 ; 6
0077   0626           00187         xorwf  topo,W
0078   1903           00188         btfsc  STATUS,2
0079   2???           00189         goto   sector7
007A   2???           00190         goto   $+1
                      00191         ;****** es igual a 5 *******
007B   3005           00192         movlw  0x05 ; 5
MPASM  5.51                          PRJ1.ASM   7-7-2016  20:56:40         PAGE  6


LOC  OBJECT CODE     LINE SOURCE TEXT
  VALUE

007C   0626           00193         xorwf  topo,W
007D   1903           00194         btfsc  STATUS,2
007E   2???           00195         goto   sector6
007F   2???           00196         goto   $+1
                      00197         ;****** es igual a 4 *******
0080   3004           00198         movlw  0x04 ; 4
0081   0626           00199         xorwf  topo,W
0082   1903           00200         btfsc  STATUS,2
0083   2???           00201         goto   sector5
0084   2???           00202         goto   $+1
                      00203         ;****** es igual a 3 *******
0085   3003           00204         movlw  0x03 ; 3
0086   0626           00205         xorwf  topo,W
0087   1903           00206         btfsc  STATUS,2
0088   2???           00207         goto   sector4
0089   2???           00208         goto   $+1
                      00209         ;****** es igual a 2 *******
008A   3002           00210         movlw  0x02 ; 2
008B   0626           00211         xorwf  topo,W
008C   1903           00212         btfsc  STATUS,2
008D   2???           00213         goto   sector3
008E   2???           00214         goto   $+1
                      00215         ;****** es igual a 1 *******
008F   3001           00216         movlw  0x01 ; 1
0090   0626           00217         xorwf  topo,W
0091   1903           00218         btfsc  STATUS,2
0092   2???           00219         goto   sector2
0093   2???           00220         goto   $+1
                      00221         ;****** es igual a 0 *******
0094   3000           00222         movlw  0x00 ; 0
0095   0626           00223         xorwf  topo,W
0096   1903           00224         btfsc  STATUS,2
0097   2???           00225         goto    sector1
                      00226 
0098                  00227 decrementando_aleatorio 
0098   0BA0           00228         decfsz aleatorio, F ;aleatorio = aleatorio - 1
0099   2???           00229         goto   incrementando_dato
009A   0823           00230         movf   dato , W
009B   00A0           00231         movwf  aleatorio        
009C                  00232 incrementando_dato      
009C   300F           00233         movlw  0x0F
009D   0623           00234         xorwf  dato,W
009E   1D03           00235         btfss  STATUS,2 ;verificamos si el resultado logico es igual a 15, de ser asi lo seteamos a cero
009F   0AA3           00236         incf   dato , F
00A0   2???           00237         goto   encendido_de_leds        
                      00238 
00A1                  00239 lazo             
                      00240         Delay_s .2      
00A1   3002               M                 movlw   .2
00A2   2???               M                 call    Delay_s_0
00A3   2???           00241         goto decrementando_aleatorio
                      00242  
                      00243 ;***********************************************************************************************
MPASM  5.51                          PRJ1.ASM   7-7-2016  20:56:40         PAGE  7


LOC  OBJECT CODE     LINE SOURCE TEXT
  VALUE

                      00244 
                      00245 ;***********************************************************************************************
00A4                  00246 sector1
00A4   0000           00247         nop
00A5   30C0           00248     movlw   b'11000000' 
00A6   0088           00249         movwf   PORTD
00A7   303F           00250         movlw   b'00111111'     
00A8   0087           00251         movwf   PORTC
00A9   2???           00252         goto lazo
00AA                  00253 sector2
00AA   0000           00254         nop
00AB   3030           00255     movlw   b'00110000' 
00AC   0088           00256         movwf   PORTD
00AD   303F           00257         movlw   b'00111111'     
00AE   0087           00258         movwf   PORTC
00AF   2???           00259         goto lazo
00B0                  00260 sector3
00B0   0000           00261         nop
00B1   300C           00262     movlw   b'00001100' 
00B2   0088           00263         movwf   PORTD
00B3   303F           00264         movlw   b'00111111'     
00B4   0087           00265         movwf   PORTC
00B5   2???           00266         goto lazo
00B6                  00267 sector4
00B6   0000           00268         nop
00B7   3003           00269     movlw   b'00000011' 
00B8   0088           00270         movwf   PORTD
00B9   303F           00271         movlw   b'00111111'     
00BA   0087           00272         movwf   PORTC
00BB   2???           00273         goto  lazo      
00BC                  00274 sector5
00BC   0000           00275         nop
00BD   30C0           00276     movlw   b'11000000' 
00BE   0088           00277         movwf   PORTD
00BF   30CF           00278         movlw   b'11001111'     
00C0   0087           00279         movwf   PORTC
00C1   2???           00280         goto lazo
00C2                  00281 sector6
00C2   0000           00282         nop
00C3   3030           00283     movlw   b'00110000' 
00C4   0088           00284         movwf   PORTD
00C5   30CF           00285         movlw   b'11001111'     
00C6   0087           00286         movwf   PORTC
00C7   2???           00287         goto lazo
00C8                  00288 sector7
00C8   0000           00289         nop
00C9   300C           00290     movlw   b'00001100' 
00CA   0088           00291         movwf   PORTD
00CB   30CF           00292         movlw   b'11001111'     
00CC   0087           00293         movwf   PORTC
00CD   2???           00294         goto lazo
00CE                  00295 sector8
00CE   0000           00296         nop
MPASM  5.51                          PRJ1.ASM   7-7-2016  20:56:40         PAGE  8


LOC  OBJECT CODE     LINE SOURCE TEXT
  VALUE

00CF   3003           00297     movlw   b'00000011' 
00D0   0088           00298         movwf   PORTD
00D1   30CF           00299         movlw   b'11001111'     
00D2   0087           00300         movwf   PORTC
00D3   2???           00301         goto lazo
00D4                  00302 sector9
00D4   0000           00303         nop
00D5   30C0           00304     movlw   b'11000000' 
00D6   0088           00305         movwf   PORTD
00D7   30F3           00306         movlw   b'11110011'     
00D8   0087           00307         movwf   PORTC
00D9   2???           00308         goto lazo
00DA                  00309 sector10
00DA   0000           00310         nop
00DB   3030           00311     movlw   b'00110000' 
00DC   0088           00312         movwf   PORTD
00DD   30F3           00313         movlw   b'11110011'     
00DE   0087           00314         movwf   PORTC
00DF   2???           00315         goto lazo
00E0                  00316 sector11
00E0   0000           00317         nop
00E1   300C           00318     movlw   b'00001100' 
00E2   0088           00319         movwf   PORTD
00E3   30F3           00320         movlw   b'11110011'     
00E4   0087           00321         movwf   PORTC
00E5   2???           00322         goto lazo
00E6                  00323 sector12 
00E6   0000           00324         nop
00E7   3003           00325     movlw   b'00000011' 
00E8   0088           00326         movwf   PORTD
00E9   30F3           00327         movlw   b'11110011'     
00EA   0087           00328         movwf   PORTC
00EB   2???           00329         goto lazo
00EC                  00330 sector13
00EC   0000           00331         nop
00ED   30C0           00332     movlw   b'11000000' 
00EE   0088           00333         movwf   PORTD
00EF   30FC           00334         movlw   b'11111100'     
00F0   0087           00335         movwf   PORTC
00F1   2???           00336         goto lazo
00F2                  00337 sector14
00F2   0000           00338         nop
00F3   3030           00339     movlw   b'00110000' 
00F4   0088           00340         movwf   PORTD
00F5   30FC           00341         movlw   b'11111100'     
00F6   0087           00342         movwf   PORTC
00F7   2???           00343         goto lazo
00F8                  00344 sector15
00F8   0000           00345         nop
00F9   300C           00346     movlw   b'00001100' 
00FA   0088           00347         movwf   PORTD
00FB   30FC           00348         movlw   b'11111100'     
00FC   0087           00349         movwf   PORTC
MPASM  5.51                          PRJ1.ASM   7-7-2016  20:56:40         PAGE  9


LOC  OBJECT CODE     LINE SOURCE TEXT
  VALUE

00FD   2???           00350         goto lazo
00FE                  00351 sector16
00FE   0000           00352         nop
00FF   3003           00353     movlw   b'00000011' 
0100   0088           00354         movwf   PORTD
0101   30FC           00355         movlw   b'11111100'     
0102   0087           00356         movwf   PORTC
0103   2???           00357         goto lazo
                      00358 ;*****************************************************************************************************
                      00359 
                      00360 ;*****************************************************************************************************
0104                  00361 label0
0104   0185           00362         clrf   PORTA
0105   3000           00363         movlw  0x00
0106   0626           00364         xorwf  topo, W
0107   1D03           00365         btfss  STATUS, 2  ;si el bit 2 del registro STATUS es 1 entonces el resultado de la operacion XO
                            R es cero
0108   2???           00366         goto   $+5
0109   3001           00367         movlw  b'00000001'
010A   0085           00368         movwf  PORTA
010B   0186           00369         clrf   PORTB
010C   2???           00370         GOTO   FINISH
010D   3004           00371         movlw  0x04
010E   0626           00372         xorwf  topo, W
010F   1D03           00373         btfss  STATUS, 2
0110   2???           00374         goto   no_acerto_topo   ; cambiar esta etiqueta xq cuando el jugador no acerto la posicion del t
                            opo entonces debe cargar otr valor en PORTA
0111   3001           00375         movlw  b'00000001'
0112   0085           00376         movwf  PORTA
0113   0186           00377         clrf   PORTB
0114   2???           00378         GOTO   FINISH
0115                  00379 label1
0115   0185           00380         clrf   PORTA
0116   3001           00381         movlw  0x01
0117   0626           00382         xorwf  topo, W
0118   1D03           00383         btfss  STATUS, 2  ;si el bit 2 del registro STATUS es 1 entonces el resultado de la operacion XO
                            R es cero
0119   2???           00384         goto   $+5
011A   3001           00385         movlw  b'00000001'
011B   0085           00386         movwf  PORTA
011C   0186           00387         clrf   PORTB
011D   2???           00388         GOTO   FINISH
011E   3005           00389         movlw  0x05
011F   0626           00390         xorwf  topo, W
0120   1D03           00391         btfss  STATUS, 2
0121   2???           00392         goto   no_acerto_topo
0122   3001           00393         movlw  b'00000001'
0123   0085           00394         movwf  PORTA
0124   0186           00395         clrf   PORTB
0125   2???           00396         GOTO   FINISH
0126                  00397 label2
0126   0185           00398         clrf   PORTA
0127   3002           00399         movlw  0x02
MPASM  5.51                          PRJ1.ASM   7-7-2016  20:56:40         PAGE 10


LOC  OBJECT CODE     LINE SOURCE TEXT
  VALUE

0128   0626           00400         xorwf  topo, W
0129   1D03           00401         btfss  STATUS, 2  ;si el bit 2 del registro STATUS es 1 entonces el resultado de la operacion XO
                            R es cero
012A   2???           00402         goto   $+5
012B   3001           00403         movlw  b'00000001'
012C   0085           00404         movwf  PORTA
012D   0186           00405         clrf   PORTB
012E   2???           00406         GOTO   FINISH
012F   3006           00407         movlw  0x06
0130   0626           00408         xorwf  topo, W
0131   1D03           00409         btfss  STATUS, 2
0132   2???           00410         goto   no_acerto_topo
0133   3001           00411         movlw  b'00000001'
0134   0085           00412         movwf  PORTA
0135   0186           00413         clrf   PORTB
0136   2???           00414         GOTO   FINISH
0137                  00415 label3
0137   0185           00416         clrf   PORTA
0138   3003           00417         movlw  0x03
0139   0626           00418         xorwf  topo, W
013A   1D03           00419         btfss  STATUS, 2  ;si el bit 2 del registro STATUS es 1 entonces el resultado de la operacion XO
                            R es cero
013B   2???           00420         goto   $+5
013C   3001           00421         movlw  b'00000001'
013D   0085           00422         movwf  PORTA
013E   0186           00423         clrf   PORTB
013F   2???           00424         GOTO   FINISH
0140   3007           00425         movlw  0x07
0141   0626           00426         xorwf  topo, W
0142   1D03           00427         btfss  STATUS, 2
0143   2???           00428         goto   no_acerto_topo
0144   3001           00429         movlw  b'00000001'
0145   0085           00430         movwf  PORTA
0146   0186           00431         clrf   PORTB
0147   2???           00432         GOTO   FINISH
0148                  00433 label4
0148   0185           00434         clrf   PORTA
0149   3008           00435         movlw  0x08
014A   0626           00436         xorwf  topo, W
014B   1D03           00437         btfss  STATUS, 2  ;si el bit 2 del registro STATUS es 1 entonces el resultado de la operacion XO
                            R es cero
014C   2???           00438         goto   $+5
014D   3001           00439         movlw  b'00000001'
014E   0085           00440         movwf  PORTA
014F   0186           00441         clrf   PORTB
0150   2???           00442         GOTO   FINISH
0151   300C           00443         movlw  0x0C
0152   0626           00444         xorwf  topo, W
0153   1D03           00445         btfss  STATUS, 2
0154   2???           00446         goto   no_acerto_topo
0155   3001           00447         movlw  b'00000001'
0156   0085           00448         movwf  PORTA
0157   0186           00449         clrf   PORTB
MPASM  5.51                          PRJ1.ASM   7-7-2016  20:56:40         PAGE 11


LOC  OBJECT CODE     LINE SOURCE TEXT
  VALUE

0158   2???           00450         GOTO   FINISH
0159                  00451 label5
0159   0185           00452         clrf   PORTA
015A   3009           00453         movlw  0x09
015B   0626           00454         xorwf  topo, W
015C   1D03           00455         btfss  STATUS, 2  ;si el bit 2 del registro STATUS es 1 entonces el resultado de la operacion XO
                            R es cero
015D   2???           00456         goto   $+5
015E   3001           00457         movlw  b'00000001'
015F   0085           00458         movwf  PORTA
0160   0186           00459         clrf   PORTB
0161   2???           00460         GOTO   FINISH
0162   300D           00461         movlw  0x0D
0163   0626           00462         xorwf  topo, W
0164   1D03           00463         btfss  STATUS, 2
0165   2???           00464         goto   no_acerto_topo
0166   3001           00465         movlw  b'00000001'
0167   0085           00466         movwf  PORTA
0168   0186           00467         clrf   PORTB
0169   2???           00468         GOTO   FINISH
016A                  00469 label6
016A   0185           00470         clrf   PORTA
016B   300A           00471         movlw  0x0A
016C   0626           00472         xorwf  topo, W
016D   1D03           00473         btfss  STATUS, 2  ;si el bit 2 del registro STATUS es 1 entonces el resultado de la operacion XO
                            R es cero
016E   2???           00474         goto   $+5
016F   3001           00475         movlw  b'00000001'
0170   0085           00476         movwf  PORTA
0171   0186           00477         clrf   PORTB
0172   2???           00478         GOTO   FINISH
0173   300E           00479         movlw  0x0E
0174   0626           00480         xorwf  topo, W
0175   1D03           00481         btfss  STATUS, 2
0176   2???           00482         goto   no_acerto_topo
0177   3001           00483         movlw  b'00000001'
0178   0085           00484         movwf  PORTA
0179   0186           00485         clrf   PORTB
017A   2???           00486         GOTO   FINISH
017B                  00487 label7
017B   0185           00488         clrf   PORTA
017C   300B           00489         movlw  0x0B
017D   0626           00490         xorwf  topo, W
017E   1D03           00491         btfss  STATUS, 2  ;si el bit 2 del registro STATUS es 1 entonces el resultado de la operacion XO
                            R es cero
017F   2???           00492         goto   $+5
0180   3001           00493         movlw  b'00000001'
0181   0085           00494         movwf  PORTA
0182   0186           00495         clrf   PORTB
0183   2???           00496         GOTO   FINISH
0184   300F           00497         movlw  0x0F
0185   0626           00498         xorwf  topo, W
0186   1D03           00499         btfss  STATUS, 2
MPASM  5.51                          PRJ1.ASM   7-7-2016  20:56:40         PAGE 12


LOC  OBJECT CODE     LINE SOURCE TEXT
  VALUE

0187   2???           00500         goto   no_acerto_topo
0188   3001           00501         movlw  b'00000001'
0189   0085           00502         movwf  PORTA
018A   0186           00503         clrf   PORTB
018B   2???           00504         GOTO   FINISH
                      00505 ;*********************************************************************************
                      00506 
018C                  00507 no_acerto_topo
018C   3002           00508         movlw  b'00000010'
018D   0085           00509         movwf  PORTA
018E   2???           00510         GOTO   FINISH
                      00511 
                      00512 ;*********************************************************************************
                      00513 ;------------------------------SUBRUTINAS MUSICALES-----------------------------;*
                      00514 ;-------------------------------------nota do-----------------------------------;*
018F                  00515 DO                                                                                                      
                                                                                    ;*
018F   3011           00516         MOVLW   0X11                                                                                    
                                                                    ;*
0190   0081           00517         MOVWF   TMR0                                                                                    
                                                                    ;*
0191   00A7           00518         MOVWF   tempTMR0                                                                                
                                                                    ;*
0192   0008           00519         RETURN                                                                                          
                                                                            ;*
                      00520 ;-------------------------------------nota re-----------------------------------;*
0193                  00521 RE                                                                                                      
                                                                                    ;*
0193   302C           00522         MOVLW   0X2C                                                                                    
                                                                    ;*
0194   0081           00523         MOVWF   TMR0                                                                                    
                                                                    ;*
0195   00A7           00524         MOVWF   tempTMR0                                                                                
                                                                    ;*
0196   0008           00525         RETURN                                                                                          
                                                                            ;*
                      00526 ;-------------------------------------nota mi-----------------------------------;*
0197                  00527 MI                                                                                                      
                                                                                    ;*
0197   3042           00528         MOVLW   0X42                                                                                    
                                                                    ;*
0198   0081           00529         MOVWF   TMR0                                                                                    
                                                                    ;*
0199   00A7           00530         MOVWF   tempTMR0                                                                                
                                                                    ;*
019A   0008           00531         RETURN                                                                                          
                                                                            ;*
                      00532 ;-------------------------------------nota fa-----------------------------------;*
019B                  00533 FA                                                                                                      
                                                                                    ;*
019B   304D           00534         MOVLW   0X4D                                                                                    
                                                                    ;*
019C   0081           00535         MOVWF   TMR0                                                                                    
MPASM  5.51                          PRJ1.ASM   7-7-2016  20:56:40         PAGE 13


LOC  OBJECT CODE     LINE SOURCE TEXT
  VALUE

                                                                    ;*
019D   00A7           00536         MOVWF   tempTMR0                                                                                
                                                                    ;*
019E   0008           00537         RETURN                                                                                          
                                                                            ;*
                      00538 ;------------------------------------nota sol-----------------------------------;*
019F                  00539 SOL                                                                                                     
                                                                                    ;*
019F   3060           00540         MOVLW   0X60                                                                                    
                                                                    ;*
01A0   0081           00541         MOVWF   TMR0                                                                                    
                                                                    ;*
01A1   00A7           00542         MOVWF   tempTMR0                                                                                
                                                                    ;*
01A2   0008           00543         RETURN                                                                                          
                                                                            ;*
                      00544 ;-------------------------------------nota la-----------------------------------;*
01A3                  00545 LA                                                                                                      
                                                                                    ;*
01A3   3072           00546         MOVLW   0X72                                                                                    
                                                                    ;*
01A4   0081           00547         MOVWF   TMR0                                                                                    
                                                                    ;*
01A5   00A7           00548         MOVWF   tempTMR0                                                                                
                                                                    ;*
01A6   0008           00549         RETURN                                                                                          
                                                                            ;*
                      00550 ;-------------------------------------nota si-----------------------------------;*
01A7                  00551 SI                                                                                                      
                                                                                    ;*
01A7   3082           00552         MOVLW   0X82                                                                                    
                                                                    ;*
01A8   0081           00553         MOVWF   TMR0                                                                                    
                                                                    ;*
01A9   00A7           00554         MOVWF   tempTMR0                                                                                
                                                                    ;*
01AA   0008           00555         RETURN                                                                                          
                                                                            ;*
                      00556 ;----------------------------------nota do agudo--------------------------------;*
01AB                  00557 do                                                                                                      
                                                                                    ;*
01AB   3088           00558         MOVLW   0X88                                                                                    
                                                                    ;*
01AC   0081           00559         MOVWF   TMR0                                                                                    
                                                                    ;*
01AD   00A7           00560         MOVWF   tempTMR0                                                                                
                                                                    ;*
01AE   0008           00561         RETURN
                      00562 
01AF                  00563 MUSIC1                                                                                                  
                                                                            ;*
01AF   168B           00564         BSF                     INTCON,T0IE                                                             
                                                                            ;*
MPASM  5.51                          PRJ1.ASM   7-7-2016  20:56:40         PAGE 14


LOC  OBJECT CODE     LINE SOURCE TEXT
  VALUE

01B0   2???           00565         CALL            DO                                                                              
                                                                            ;*
                      00566         Delay_s .1                                                                                      
                                                    ;*
01B1   3001               M                 movlw   .1
01B2   2???               M                 call    Delay_s_0
01B3   2???           00567         CALL            RE                                                                              
                                                                            ;*
                      00568         Delay_s .1                                                                                      
                                                    ;*
01B4   3001               M                 movlw   .1
01B5   2???               M                 call    Delay_s_0
01B6   2???           00569         CALL            MI                                                                              
                                                                            ;*
                      00570         Delay_s .1                                                                                      
                                                    ;*
01B7   3001               M                 movlw   .1
01B8   2???               M                 call    Delay_s_0
                      00571         ;CALL           FA                                                                              
                                                                            ;*
                      00572         ;Delay_s .1                                                                                     
                                                    ;*
                      00573         ;CALL           SOL                                                                             
                                                                            ;*
                      00574         ;Delay_s .1                                                                                     
                                                    ;*
                      00575         ;CALL           LA                                                                              
                                                                            ;*
                      00576         ;Delay_s .1                                                                                     
                                                    ;*
                      00577         ;CALL           SI                                                                              
                                                                            ;*
                      00578         ;Delay_s .1                                                                                     
                                                    ;*
                      00579         ;CALL           do                                                                              
                                                                            ;*
                      00580         ;Delay_s .1                                                                                     
                                                    ;*
                      00581                                                                                                         
                                                                                    
01B9   128B           00582         BCF                     INTCON,T0IE
01BA   2???           00583         GOTO encendido_de_leds;main ;encendido_de_leds
                      00584 
                      00585         INCLUDE     delay_s.INC 
                      00001 ;;--------------------------------------------------------------------------------
                      00002 ;;
                      00003 ;; Libreria de subrutinas de retraso en segundos
                      00004 ;;
                      00005 ;; Escrito por Almejandro para el español
                      00006 ;;
                      00007 ;;--------------------------------------------------------------------------------
                      00008 ;;
                      00009 ;; Variables requeridas / Constantes para la funcion de retraso en segundos
MPASM  5.51                          PRJ1.ASM   7-7-2016  20:56:40         PAGE 15


LOC  OBJECT CODE     LINE SOURCE TEXT
  VALUE

                      00010 ;;
                      00011 ;; Constantrs:   CLOCK           - La velocidad del PIC en Hz
                      00012 ;;
                      00013 ;; Variables:   delay_temp       - Guarda un dato temporal
                      00014 ;;
                      00015 ;;--------------------------------------------------------------------------------
                      00016 
                      00017 
                      00018 ;;--------------------------------------------------------------------------------
                      00019 ;;
                      00020 ;; Subrutina para retraso por un numero de segundos (para diferentes velocidades del reloj)
                      00021 ;;
                      00022 ;; Parametros:  w (in)          - En W el numero de segundos que queremos esperar
                      00023 ;;
                      00024 ;;--------------------------------------------------------------------------------
                      00025 
                      00026                 CBLOCK
  00000028            00027                 d1
  00000029            00028                 d2
  0000002A            00029                 d3
  0000002B            00030                 delay_temp
                      00031                 ENDC
                      00032 
                      00033 
                      00034         IF      CLOCK==1000000
                      00035 
                      00036 Delay_s_0
                      00037                 movwf   delay_temp
                      00038 
                      00039 Delay_s_1               
                      00040                 movlw   0x4E
                      00041                 movwf   d1
                      00042                 movlw   0xC4
                      00043                 movwf   d2
                      00044 
                      00045 Delay_s_2
                      00046                 decfsz  d1, f
                      00047                 goto    $+2
                      00048                 decfsz  d2, f
                      00049                 goto    Delay_s_2
                      00050 
                      00051 
                      00052                 decf    delay_temp,f
                      00053                 btfss   STATUS,Z
                      00054                 goto    Delay_s_1
                      00055                 return
                      00056 
                      00057 
                      00058         ENDIF   ; CLOCK==1000000
                      00059 
                      00060 ;;--------------------------------------------------------------------------------
                      00061 
                      00062         IF      CLOCK==2000000
MPASM  5.51                          PRJ1.ASM   7-7-2016  20:56:40         PAGE 16


LOC  OBJECT CODE     LINE SOURCE TEXT
  VALUE

                      00063 
                      00064 Delay_s_0
                      00065                 movwf   delay_temp
                      00066 
                      00067 Delay_s_1               
                      00068                 movlw   0x03
                      00069                 movwf   d1
                      00070                 movlw   0x18
                      00071                 movwf   d2
                      00072                 movlw   0x02
                      00073                 movwf   d3
                      00074 
                      00075 Delay_s_2
                      00076                 decfsz  d1, f
                      00077                 goto    $+2
                      00078                 decfsz  d2, f
                      00079                 goto    $+2
                      00080                 decfsz  d3, f
                      00081                 goto    Delay_s_2
                      00082 
                      00083 
                      00084                 decf    delay_temp,f
                      00085                 btfss   STATUS,Z
                      00086                 goto    Delay_s_1
                      00087                 goto    $+1
                      00088                 nop
                      00089                 return
                      00090 
                      00091 
                      00092 
                      00093         ENDIF   ; CLOCK==2000000
                      00094 
                      00095 ;;--------------------------------------------------------------------------------
                      00096 
                      00097         IF      CLOCK==4000000
                      00098 
                      00099 
01BB                  00100 Delay_s_0
01BB   00AB           00101                 movwf   delay_temp
                      00102 
01BC                  00103 Delay_s_1       
01BC   3007           00104                 movlw   0x07
01BD   00A8           00105                 movwf   d1
01BE   302F           00106                 movlw   0x2F
01BF   00A9           00107                 movwf   d2
01C0   3003           00108                 movlw   0x03
01C1   00AA           00109                 movwf   d3
                      00110 
01C2                  00111 Delay_s_2
01C2   0BA8           00112                 decfsz  d1, f
01C3   2???           00113                 goto    $+2
01C4   0BA9           00114                 decfsz  d2, f
01C5   2???           00115                 goto    $+2
MPASM  5.51                          PRJ1.ASM   7-7-2016  20:56:40         PAGE 17


LOC  OBJECT CODE     LINE SOURCE TEXT
  VALUE

01C6   0BAA           00116                 decfsz  d3, f
01C7   2???           00117                 goto    Delay_s_2
                      00118 
                      00119 
01C8   03AB           00120                 decf    delay_temp,f
01C9   1D03           00121                 btfss   STATUS,Z
01CA   2???           00122                 goto    Delay_s_1
01CB   2???           00123                 goto    $+1
01CC   0000           00124                 nop
01CD   0008           00125                 return
                      00126 
                      00127         
                      00128         ENDIF   ; CLOCK==4000000
                      00129 
                      00130 ;;--------------------------------------------------------------------------------
                      00131 
                      00132         IF      CLOCK==8000000
                      00133 
                      00134 Delay_s_0
                      00135                 movwf   delay_temp
                      00136 
                      00137 Delay_s_1       
                      00138                 movlw   0x10
                      00139                 movwf   d1
                      00140                 movlw   0x5D
                      00141                 movwf   d2
                      00142                 movlw   0x05
                      00143                 movwf   d3
                      00144 
                      00145 Delay_s_2
                      00146                 decfsz  d1, f
                      00147                 goto    $+2
                      00148                 decfsz  d2, f
                      00149                 goto    $+2
                      00150                 decfsz  d3, f
                      00151                 goto    Delay_s_2
                      00152 
                      00153 
                      00154                 decf    delay_temp,f
                      00155                 btfss   STATUS,Z
                      00156                 goto    Delay_s_1
                      00157                 goto    $+1
                      00158                 return
                      00159 
                      00160 
                      00161         ENDIF   ; CLOCK==8000000
                      00162 
                      00163 ;;--------------------------------------------------------------------------------
                      00164 
                      00165         IF      CLOCK==16000000
                      00166 
                      00167 Delay_s_0
                      00168                 movwf   delay_temp
MPASM  5.51                          PRJ1.ASM   7-7-2016  20:56:40         PAGE 18


LOC  OBJECT CODE     LINE SOURCE TEXT
  VALUE

                      00169 
                      00170 Delay_s_1               
                      00171                 movlw   0x23
                      00172                 movwf   d1
                      00173                 movlw   0xB9
                      00174                 movwf   d2
                      00175                 movlw   0x09
                      00176                 movwf   d3
                      00177 
                      00178 Delay_s_2
                      00179                 decfsz  d1, f
                      00180                 goto    $+2
                      00181                 decfsz  d2, f
                      00182                 goto    $+2
                      00183                 decfsz  d3, f
                      00184                 goto    Delay_s_2
                      00185 
                      00186 
                      00187                 decf    delay_temp,f
                      00188                 btfss   STATUS,Z
                      00189                 goto    Delay_s_1
                      00190                 goto    $+1
                      00191                 return
                      00192         
                      00193         ENDIF   ; CLOCK==16000000
                      00194 
                      00195 ;;--------------------------------------------------------------------------------
                      00196 
                      00197         IF      CLOCK==20000000
                      00198 
                      00199 
                      00200 Delay_s_0
                      00201                 movwf   delay_temp
                      00202 
                      00203 Delay_s_1
                      00204                 movlw   0x2C
                      00205                 movwf   d1
                      00206                 movlw   0xE7
                      00207                 movwf   d2
                      00208                 movlw   0x0B
                      00209                 movwf   d3
                      00210 Delay_s_2
                      00211                 decfsz  d1, f
                      00212                 goto    $+2
                      00213                 decfsz  d2, f
                      00214                 goto    $+2
                      00215                 decfsz  d3, f
                      00216                 goto    Delay_s_2
                      00217 
                      00218                 decf    delay_temp,f
                      00219                 btfss   STATUS,Z
                      00220                 goto    Delay_s_1
                      00221 
MPASM  5.51                          PRJ1.ASM   7-7-2016  20:56:40         PAGE 19


LOC  OBJECT CODE     LINE SOURCE TEXT
  VALUE

                      00222                 goto    $+1
                      00223                 nop
                      00224                 return
                      00225 
                      00226         ENDIF   ; CLOCK==20000000
                      00227 
                      00228 ;;--------------------------------------------------------------------------------
3FF4                  00586         END                    ; Fin del programa fuente
MPASM  5.51                          PRJ1.ASM   7-7-2016  20:56:40         PAGE 20


SYMBOL TABLE
  LABEL                             VALUE 

ABDEN                             00000000
ABDOVF                            00000007
ACKDT                             00000005
ACKEN                             00000004
ACKSTAT                           00000006
ADCON0                            0000001F
ADCON1                            0000009F
ADCS0                             00000006
ADCS1                             00000007
ADDEN                             00000003
ADFM                              00000007
ADIE                              00000006
ADIF                              00000006
ADON                              00000000
ADRESH                            0000001E
ADRESL                            0000009E
ANS0                              00000000
ANS1                              00000001
ANS10                             00000002
ANS11                             00000003
ANS12                             00000004
ANS13                             00000005
ANS2                              00000002
ANS3                              00000003
ANS4                              00000004
ANS5                              00000005
ANS6                              00000006
ANS7                              00000007
ANS8                              00000000
ANS9                              00000001
ANSEL                             00000188
ANSELH                            00000189
BAUDCTL                           00000187
BCLIE                             00000003
BCLIF                             00000003
BF                                00000000
BRG0                              00000000
BRG1                              00000001
BRG10                             00000002
BRG11                             00000003
BRG12                             00000004
BRG13                             00000005
BRG14                             00000006
BRG15                             00000007
BRG16                             00000003
BRG2                              00000002
BRG3                              00000003
BRG4                              00000004
BRG5                              00000005
BRG6                              00000006
BRG7                              00000007
BRG8                              00000000
BRG9                              00000001
MPASM  5.51                          PRJ1.ASM   7-7-2016  20:56:40         PAGE 21


SYMBOL TABLE
  LABEL                             VALUE 

BRGH                              00000002
C                                 00000000
C1CH0                             00000000
C1CH1                             00000001
C1IE                              00000005
C1IF                              00000005
C1OE                              00000005
C1ON                              00000007
C1OUT                             00000006
C1POL                             00000004
C1R                               00000002
C1RSEL                            00000005
C1SEN                             00000005
C2CH0                             00000000
C2CH1                             00000001
C2IE                              00000006
C2IF                              00000006
C2OE                              00000005
C2ON                              00000007
C2OUT                             00000006
C2POL                             00000004
C2R                               00000002
C2REN                             00000004
C2RSEL                            00000004
C2SYNC                            00000000
CCP1CON                           00000017
CCP1IE                            00000002
CCP1IF                            00000002
CCP1M0                            00000000
CCP1M1                            00000001
CCP1M2                            00000002
CCP1M3                            00000003
CCP1X                             00000005
CCP1Y                             00000004
CCP2CON                           0000001D
CCP2IE                            00000000
CCP2IF                            00000000
CCP2M0                            00000000
CCP2M1                            00000001
CCP2M2                            00000002
CCP2M3                            00000003
CCP2X                             00000005
CCP2Y                             00000004
CCPR1                             00000015
CCPR1H                            00000016
CCPR1L                            00000015
CCPR2                             0000001B
CCPR2H                            0000001C
CCPR2L                            0000001B
CHS0                              00000002
CHS1                              00000003
CHS2                              00000004
CHS3                              00000005
MPASM  5.51                          PRJ1.ASM   7-7-2016  20:56:40         PAGE 22


SYMBOL TABLE
  LABEL                             VALUE 

CKE                               00000006
CKP                               00000004
CLOCK                             04000000
CM1CON0                           00000107
CM2CON0                           00000108
CM2CON1                           00000109
CREN                              00000004
CSRC                              00000007
D                                 00000005
DATA_ADDRESS                      00000005
DC                                00000001
DC1B0                             00000004
DC1B1                             00000005
DC2B0                             00000004
DC2B1                             00000005
DO                                0000018F
D_A                               00000005
D_NOT_A                           00000005
Delay_ms                          
Delay_s                           
Delay_s_0                         000001BB
Delay_s_1                         000001BC
Delay_s_2                         000001C2
Delay_us                          
ECCPAS                            0000009C
ECCPAS0                           00000004
ECCPAS1                           00000005
ECCPAS2                           00000006
ECCPASE                           00000007
EEADR                             0000010D
EEADRH                            0000010F
EECON1                            0000018C
EECON2                            0000018D
EEDAT                             0000010C
EEDATA                            0000010C
EEDATH                            0000010E
EEIE                              00000004
EEIF                              00000004
EEPGD                             00000007
F                                 00000001
FA                                0000019B
FERR                              00000002
FINISH                            00000018
FSR                               00000004
FVREN                             00000000
GCEN                              00000007
GIE                               00000007
GO                                00000001
GO_DONE                           00000001
GO_NOT_DONE                       00000001
HTS                               00000002
I2C_DATA                          00000005
I2C_READ                          00000002
MPASM  5.51                          PRJ1.ASM   7-7-2016  20:56:40         PAGE 23


SYMBOL TABLE
  LABEL                             VALUE 

I2C_START                         00000003
I2C_STOP                          00000004
INDF                              00000000
INTCON                            0000000B
INTE                              00000004
INTEDG                            00000006
INTERRUPCION                      00000005
INTF                              00000001
INTRB                             00000008
IOCB                              00000096
IOCB0                             00000000
IOCB1                             00000001
IOCB2                             00000002
IOCB3                             00000003
IOCB4                             00000004
IOCB5                             00000005
IOCB6                             00000006
IOCB7                             00000007
IRCF0                             00000004
IRCF1                             00000005
IRCF2                             00000006
IRP                               00000007
LA                                000001A3
LTS                               00000001
MAIN                              0000001A
MC1OUT                            00000007
MC2OUT                            00000006
MI                                00000197
MSK                               00000093
MSK0                              00000000
MSK1                              00000001
MSK2                              00000002
MSK3                              00000003
MSK4                              00000004
MSK5                              00000005
MSK6                              00000006
MSK7                              00000007
MUSIC1                            000001AF
NOT_A                             00000005
NOT_ADDRESS                       00000005
NOT_BO                            00000000
NOT_BOR                           00000000
NOT_DONE                          00000001
NOT_PD                            00000003
NOT_POR                           00000001
NOT_RBPU                          00000007
NOT_RC8                           00000006
NOT_T1SYNC                        00000002
NOT_TO                            00000004
NOT_TX8                           00000006
NOT_W                             00000002
NOT_WRITE                         00000002
OERR                              00000001
MPASM  5.51                          PRJ1.ASM   7-7-2016  20:56:40         PAGE 24


SYMBOL TABLE
  LABEL                             VALUE 

OPTION_REG                        00000081
OSCCON                            0000008F
OSCTUNE                           00000090
OSFIE                             00000007
OSFIF                             00000007
OSTS                              00000003
P                                 00000004
P1M0                              00000006
P1M1                              00000007
PCL                               00000002
PCLATH                            0000000A
PCON                              0000008E
PDC0                              00000000
PDC1                              00000001
PDC2                              00000002
PDC3                              00000003
PDC4                              00000004
PDC5                              00000005
PDC6                              00000006
PEIE                              00000006
PEN                               00000002
PIE1                              0000008C
PIE2                              0000008D
PIR1                              0000000C
PIR2                              0000000D
PORTA                             00000005
PORTB                             00000006
PORTC                             00000007
PORTD                             00000008
PORTE                             00000009
PR2                               00000092
PRSEN                             00000007
PS0                               00000000
PS1                               00000001
PS2                               00000002
PSA                               00000003
PSSAC0                            00000002
PSSAC1                            00000003
PSSBD0                            00000000
PSSBD1                            00000001
PSTRCON                           0000009D
PULSR                             00000002
PULSS                             00000003
PWM1CON                           0000009B
R                                 00000002
RA0                               00000000
RA1                               00000001
RA2                               00000002
RA3                               00000003
RA4                               00000004
RA5                               00000005
RA6                               00000006
RA7                               00000007
MPASM  5.51                          PRJ1.ASM   7-7-2016  20:56:40         PAGE 25


SYMBOL TABLE
  LABEL                             VALUE 

RB0                               00000000
RB1                               00000001
RB2                               00000002
RB3                               00000003
RB4                               00000004
RB5                               00000005
RB6                               00000006
RB7                               00000007
RBIE                              00000003
RBIF                              00000000
RC0                               00000000
RC1                               00000001
RC2                               00000002
RC3                               00000003
RC4                               00000004
RC5                               00000005
RC6                               00000006
RC7                               00000007
RC8_9                             00000006
RC9                               00000006
RCD8                              00000000
RCEN                              00000003
RCIDL                             00000006
RCIE                              00000005
RCIF                              00000005
RCREG                             0000001A
RCSTA                             00000018
RD                                00000000
RD0                               00000000
RD1                               00000001
RD2                               00000002
RD3                               00000003
RD4                               00000004
RD5                               00000005
RD6                               00000006
RD7                               00000007
RE                                00000193
RE0                               00000000
RE1                               00000001
RE2                               00000002
RE3                               00000003
READ_WRITE                        00000002
RP0                               00000005
RP1                               00000006
RSEN                              00000001
RX9                               00000006
RX9D                              00000000
R_NOT_W                           00000002
R_W                               00000002
S                                 00000003
SBOREN                            00000004
SCKP                              00000004
SCS                               00000000
MPASM  5.51                          PRJ1.ASM   7-7-2016  20:56:40         PAGE 26


SYMBOL TABLE
  LABEL                             VALUE 

SEN                               00000000
SENDB                             00000003
SI                                000001A7
SMP                               00000007
SOL                               0000019F
SPBRG                             00000099
SPBRGH                            0000009A
SPEN                              00000007
SR0                               00000006
SR1                               00000007
SRCON                             00000185
SREN                              00000005
SSPADD                            00000093
SSPBUF                            00000013
SSPCON                            00000014
SSPCON2                           00000091
SSPEN                             00000005
SSPIE                             00000003
SSPIF                             00000003
SSPM0                             00000000
SSPM1                             00000001
SSPM2                             00000002
SSPM3                             00000003
SSPMSK                            00000093
SSPOV                             00000006
SSPSTAT                           00000094
STATUS                            00000003
STRA                              00000000
STRB                              00000001
STRC                              00000002
STRD                              00000003
STRSYNC                           00000004
SWDTEN                            00000000
SYNC                              00000004
T0CS                              00000005
T0IE                              00000005
T0IF                              00000002
T0SE                              00000004
T1CKPS0                           00000004
T1CKPS1                           00000005
T1CON                             00000010
T1GINV                            00000007
T1GIV                             00000007
T1GSS                             00000001
T1INSYNC                          00000002
T1OSCEN                           00000003
T1SYNC                            00000002
T2CKPS0                           00000000
T2CKPS1                           00000001
T2CON                             00000012
TMR0                              00000001
TMR0IE                            00000005
TMR0IF                            00000002
MPASM  5.51                          PRJ1.ASM   7-7-2016  20:56:40         PAGE 27


SYMBOL TABLE
  LABEL                             VALUE 

TMR1                              0000000E
TMR1CS                            00000001
TMR1GE                            00000006
TMR1H                             0000000F
TMR1IE                            00000000
TMR1IF                            00000000
TMR1L                             0000000E
TMR1ON                            00000000
TMR2                              00000011
TMR2IE                            00000001
TMR2IF                            00000001
TMR2ON                            00000002
TOUTPS0                           00000003
TOUTPS1                           00000004
TOUTPS2                           00000005
TOUTPS3                           00000006
TRISA                             00000085
TRISA0                            00000000
TRISA1                            00000001
TRISA2                            00000002
TRISA3                            00000003
TRISA4                            00000004
TRISA5                            00000005
TRISA6                            00000006
TRISA7                            00000007
TRISB                             00000086
TRISB0                            00000000
TRISB1                            00000001
TRISB2                            00000002
TRISB3                            00000003
TRISB4                            00000004
TRISB5                            00000005
TRISB6                            00000006
TRISB7                            00000007
TRISC                             00000087
TRISC0                            00000000
TRISC1                            00000001
TRISC2                            00000002
TRISC3                            00000003
TRISC4                            00000004
TRISC5                            00000005
TRISC6                            00000006
TRISC7                            00000007
TRISD                             00000088
TRISD0                            00000000
TRISD1                            00000001
TRISD2                            00000002
TRISD3                            00000003
TRISD4                            00000004
TRISD5                            00000005
TRISD6                            00000006
TRISD7                            00000007
TRISE                             00000089
MPASM  5.51                          PRJ1.ASM   7-7-2016  20:56:40         PAGE 28


SYMBOL TABLE
  LABEL                             VALUE 

TRISE0                            00000000
TRISE1                            00000001
TRISE2                            00000002
TRISE3                            00000003
TRMT                              00000001
TUN0                              00000000
TUN1                              00000001
TUN2                              00000002
TUN3                              00000003
TUN4                              00000004
TX8_9                             00000006
TX9                               00000006
TX9D                              00000000
TXD8                              00000000
TXEN                              00000005
TXIE                              00000004
TXIF                              00000004
TXREG                             00000019
TXSTA                             00000098
UA                                00000001
ULPWUE                            00000005
ULPWUIE                           00000002
ULPWUIF                           00000002
VCFG0                             00000004
VCFG1                             00000005
VR0                               00000000
VR1                               00000001
VR2                               00000002
VR3                               00000003
VRCON                             00000097
VREN                              00000007
VROE                              00000006
VRR                               00000005
VRSS                              00000004
W                                 00000000
WCOL                              00000007
WDTCON                            00000105
WDTPS0                            00000001
WDTPS1                            00000002
WDTPS2                            00000003
WDTPS3                            00000004
WPUB                              00000095
WPUB0                             00000000
WPUB1                             00000001
WPUB2                             00000002
WPUB3                             00000003
WPUB4                             00000004
WPUB5                             00000005
WPUB6                             00000006
WPUB7                             00000007
WR                                00000001
WREN                              00000002
WRERR                             00000003
MPASM  5.51                          PRJ1.ASM   7-7-2016  20:56:40         PAGE 29


SYMBOL TABLE
  LABEL                             VALUE 

WUE                               00000001
Z                                 00000002
_.org_1_004D                      0000004D
_.org_1_0052                      00000052
_.org_1_0057                      00000057
_.org_1_005C                      0000005C
_.org_1_0061                      00000061
_.org_1_0066                      00000066
_.org_1_006B                      0000006B
_.org_1_0070                      00000070
_.org_1_0075                      00000075
_.org_1_007A                      0000007A
_.org_1_007F                      0000007F
_.org_1_0084                      00000084
_.org_1_0089                      00000089
_.org_1_008E                      0000008E
_.org_1_0093                      00000093
_.org_1_0108                      00000108
_.org_1_0119                      00000119
_.org_1_012A                      0000012A
_.org_1_013B                      0000013B
_.org_1_014C                      0000014C
_.org_1_015D                      0000015D
_.org_1_016E                      0000016E
_.org_1_017F                      0000017F
_.org_1_01C3                      000001C3
_.org_1_01C5                      000001C5
_.org_1_01CB                      000001CB
_BOR21V                           00003EFF
_BOR40V                           00003FFF
_BOR4V_BOR21V                     00003EFF
_BOR4V_BOR40V                     00003FFF
_BOREN_NSLEEP                     00003EFF
_BOREN_OFF                        00003CFF
_BOREN_ON                         00003FFF
_BOREN_SBODEN                     00003DFF
_BOR_NSLEEP                       00003EFF
_BOR_OFF                          00003CFF
_BOR_ON                           00003FFF
_BOR_SBODEN                       00003DFF
_CONFIG1                          00002007
_CONFIG2                          00002008
_CPD_OFF                          00003FFF
_CPD_ON                           00003F7F
_CP_OFF                           00003FFF
_CP_ON                            00003FBF
_DEBUG_OFF                        00003FFF
_DEBUG_ON                         00001FFF
_DEVID1                           00002006
_EC_OSC                           00003FFB
_EXTRC                            00003FFF
_EXTRCIO                          00003FFE
_EXTRC_OSC_CLKOUT                 00003FFF
MPASM  5.51                          PRJ1.ASM   7-7-2016  20:56:40         PAGE 30


SYMBOL TABLE
  LABEL                             VALUE 

_EXTRC_OSC_NOCLKOUT               00003FFE
_FCMEN_OFF                        000037FF
_FCMEN_ON                         00003FFF
_FOSC_EC                          00003FFB
_FOSC_EXTRC_CLKOUT                00003FFF
_FOSC_EXTRC_NOCLKOUT              00003FFE
_FOSC_HS                          00003FFA
_FOSC_INTRC_CLKOUT                00003FFD
_FOSC_INTRC_NOCLKOUT              00003FFC
_FOSC_LP                          00003FF8
_FOSC_XT                          00003FF9
_HS_OSC                           00003FFA
_IDLOC0                           00002000
_IDLOC1                           00002001
_IDLOC2                           00002002
_IDLOC3                           00002003
_IESO_OFF                         00003BFF
_IESO_ON                          00003FFF
_INTOSC                           00003FFD
_INTOSCIO                         00003FFC
_INTRC_OSC_CLKOUT                 00003FFD
_INTRC_OSC_NOCLKOUT               00003FFC
_LP_OSC                           00003FF8
_LVP_OFF                          00002FFF
_LVP_ON                           00003FFF
_MCLRE_OFF                        00003FDF
_MCLRE_ON                         00003FFF
_PWRTE_OFF                        00003FFF
_PWRTE_ON                         00003FEF
_WDTE_OFF                         00003FF7
_WDTE_ON                          00003FFF
_WDT_OFF                          00003FF7
_WDT_ON                           00003FFF
_WRT_1FOURTH                      00003BFF
_WRT_256                          00003DFF
_WRT_HALF                         000039FF
_WRT_OFF                          00003FFF
_XT_OSC                           00003FF9
__16F887                          00000001
__DEBUG                           1
aleatorio                         00000020
cont_mul                          00000024
contador                          00000021
d1                                00000028
d2                                00000029
d3                                0000002A
dato                              00000023
decrementando_aleatorio           00000098
delay_temp                        0000002B
do                                000001AB
encendido_de_leds                 0000003C
incrementando_dato                0000009C
label0                            00000104
MPASM  5.51                          PRJ1.ASM   7-7-2016  20:56:40         PAGE 31


SYMBOL TABLE
  LABEL                             VALUE 

label1                            00000115
label2                            00000126
label3                            00000137
label4                            00000148
label5                            00000159
label6                            0000016A
label7                            0000017B
lazo                              000000A1
multiplicacion                    00000041
no_acerto_topo                    0000018C
operando                          00000025
sector1                           000000A4
sector10                          000000DA
sector11                          000000E0
sector12                          000000E6
sector13                          000000EC
sector14                          000000F2
sector15                          000000F8
sector16                          000000FE
sector2                           000000AA
sector3                           000000B0
sector4                           000000B6
sector5                           000000BC
sector6                           000000C2
sector7                           000000C8
sector8                           000000CE
sector9                           000000D4
tempTMR0                          00000027
temporizador                      00000022
topo                              00000026

Errors   :     0
Warnings :     1 reported,     0 suppressed
Messages :     0 reported,     8 suppressed

