MPASM  5.51                          PRJ2.ASM   7-8-2016  13:49:20         PAGE  1


LOC  OBJECT CODE     LINE SOURCE TEXT
  VALUE

                      00001         LIST            p=16F887                        
                      00002         INCLUDE         P16F887.INC             
                      00001         LIST
                      00002 
                      00003 ;==========================================================================
                      00004 ;  MPASM PIC16F887 processor include
                      00005 ; 
                      00006 ;  (c) Copyright 1999-2013 Microchip Technology, All rights reserved
                      00007 ;==========================================================================
                      00008 
                      00809         LIST
                      00003         INCLUDE     Macro_Delays.INC
                      00001 ;;------------------------------------------------------------------------------------
                      00002 ;;
                      00003 ;; En esta libreria definimos las macros para los retardos usados en las librerias:
                      00004 ;; delay_s.INC, delay_ms.INC y delay_us.INC. Con ello con las simples instrucciones
                      00005 ;; Definidas en las macros, podemos hacer mas leible y facil la programacion de nuestros
                      00006 ;; retardos en ensamblador.
                      00007 ;;
                      00008 ;;-----------------------------------------------------------------------------------
                      00009 ;; ADVERTENCIA: Recordad llamar esta libreria antes que las librerias con los retardos,
                      00010 ;; caso contrario, el compilador les dara un error.
                      00011 ;;-----------------------------------------------------------------------------------
                      00012 
                      00013 
                      00014 ;; Definicion de las macros para los retardos
                      00015                 
                      00016 Delay_s  MACRO  Tiempo_delay
                      00017                 movlw   Tiempo_delay
                      00018                 call    Delay_s_0
                      00019                 ENDM            
                      00020 
                      00021 Delay_ms  MACRO  Tiempo_delay
                      00022                 movlw   Tiempo_delay
                      00023                 call    delay_ms_0
                      00024                 ENDM            
                      00025                 
                      00026 Delay_us  MACRO  Tiempo_delay
                      00027                 movlw   Tiempo_delay
                      00028                 call    Delay_us_0
                      00029                 ENDM            
                      00030                 
                      00031 ;;--------------------------------------------------------------------------------
2007   3FF0           00004         __CONFIG _CONFIG1, _CP_OFF&_WDT_OFF&_XT_OSC&_INTOSCIO
                      00005         errorlevel       -302
Warning[207]: Found label after column 1. (CLOCK)
  04000000            00006         CLOCK equ 4000000
                      00007 
                      00008         CBLOCK 0x20
  00000020            00009                 seleccion
  00000021            00010                 contador
  00000022            00011                 decenas
  00000023            00012                 unidades
MPASM  5.51                          PRJ2.ASM   7-8-2016  13:49:20         PAGE  2


LOC  OBJECT CODE     LINE SOURCE TEXT
  VALUE

  00000024            00013                 dec_cod
  00000025            00014                 uni_cod
  00000026            00015                 nivel
  00000027            00016                 intentos
                      00017         ENDC
                      00018 
                      00019 ;********************************************************************************
                      00020 ;PROGRAMA
                      00021         ORG     0x00            ;Vector de RESET
0000   2???           00022         GOTO    MAIN
                      00023         Org         0x04                ; vector de interrupción  
0004   2???           00024     Goto        INTERRUPCION
                      00025 
                      00026 ;********************************************************************************
                      00027 
0005                  00028 MAIN
                      00029 ;***********************     SETEO DE PUERTOS      ******************************
0005   1683 1703      00030         BANKSEL     ANSEL               ;Selecciona el Bank3
0007   0188           00031         CLRF            ANSEL
0008   0189           00032         CLRF            ANSELH
0009   1683 1303      00033         BANKSEL         TRISA           ;Selecciona el Bank1
000B   30FF           00034         movlw       0xFF
000C   0086           00035         movwf           TRISB           ;PORTA configurado como entrada
000D   0187           00036         clrf        TRISC       ; configuro PORTC COMO SALIDA
000E   0188           00037         clrf        TRISD               ; configuro PORTD COMO SALIDA      
000F   1283 1303      00038         BANKSEL         PORTA           ;Selecciona el Bank0            
0011   0185           00039         CLRF            PORTA           ;Borra latch de salida de PORTB         
0012   0187           00040         CLRF        PORTC
0013   0188           00041         clrf        PORTD
0014   0186           00042         clrf            PORTB
                      00043 
                      00044 ;*********************          DECLARACION DE VARIABLES                *********************
0015   3001           00045         movlw   .1
0016   00A2           00046         movwf   decenas    ; las decenas me reprentan el nivel
0017   01A3           00047         clrf    unidades   ; las unidades me representan los aciertos del jugador
0018   01A4           00048         clrf    dec_cod
0019   01A5           00049         clrf    uni_cod
001A   01A0           00050         clrf    seleccion
001B   01A7           00051         clrf    intentos        
001C   1683 1303      00052         banksel     OPTION_REG  ; Bank containing register OPTION_REG
001E   3007           00053         movlw           b'00000111'     ;carga divisor con 255, se lo aplica a TMR0
                      00054                                         ;PSA =0 (BIT 3); se aplica el divisor al TMR0
                      00055                                         ;TOCS=0 (BIT 5); TMR0 origen de pulsos Fosc/4
001F   0081           00056         movwf           OPTION_REG
                      00057 
0020   30A8           00058         movlw           b'10101000'     ;habilita interrupción por Timer 0 y Global
                      00059                                 ;GIE=1 (BIT 7); habilita interrupciones globales 
                      00060                                 ;TMR0IE=1 (BIT 5); habilita interrupciones por TMR0
                      00061                             ;INTE=1 (BIT 4); habilita interrupciones por RB0  
0021   008B           00062         movwf           INTCON
                      00063 
0022   1283 1303      00064         BANKSEL     TMR0                ;Selecciona el Bank0
0024   30D9           00065         movlw           .217            ;Valor decimal 217      
MPASM  5.51                          PRJ2.ASM   7-8-2016  13:49:20         PAGE  3


LOC  OBJECT CODE     LINE SOURCE TEXT
  VALUE

0025   0081           00066         movwf           TMR0            ;Carga el TMR0 con 217
                      00067         
0026   1683 1303      00068         banksel         IOCB
0028   3003           00069         MOVLW           B'00000011'  ; interrupcion en el puerto RB1
0029   0096           00070         movwf           IOCB
                      00071 
002A                  00072 LOOP    
002A   0000           00073         nop                                                                                             
                                                    
Warning[203]: Found opcode in column 1. (GOTO)
002B   2???           00074 GOTO LOOP
                      00075 
                      00076 ;*******************************************************************************
002C                  00077 INTERRUPCION
002C   180B           00078         btfsc  INTCON,RBIF
002D   2???           00079         goto    INTERB
002E   1D0B           00080         btfss  INTCON,TMR0IF
                      00081         ;goto   increment       
002F   0009           00082         retfie
0030   0820           00083         movf   seleccion,W
0031   1903           00084         btfsc  STATUS,2
0032   2???           00085         goto   etiqueta_decenas
                      00086 
0033                  00087 etiqueta_unidades
0033   0823           00088          movf     unidades,W
0034   2???           00089          call     tabla
0035   00A5           00090          movwf    uni_cod
0036   0825           00091          movf     uni_cod,W
0037   1283 1303      00092          banksel  PORTD 
0039   1408           00093          bsf      PORTD,0
003A   1488           00094          bsf      PORTD,1
003B   0087           00095          movwf    PORTC
003C   1088           00096          bcf      PORTD,1       
003D   09A0           00097          comf     seleccion,F
003E   2???           00098          goto     timer0
                      00099 
003F                  00100 etiqueta_decenas
003F   0822           00101          movf     decenas,W
0040   2???           00102          call     tabla
0041   00A4           00103          movwf    dec_cod
0042   0824           00104      movf     dec_cod,W
0043   1283 1303      00105          banksel  PORTD
0045   1408           00106          bsf      PORTD,0
0046   1488           00107          bsf      PORTD,1
0047   0087           00108          movwf    PORTC
0048   1008           00109          bcf      PORTD,0
0049   09A0           00110         comf      seleccion,F
                      00111 
004A                  00112 timer0  
004A   110B           00113         bcf             INTCON,TMR0IF   ; Clears interrupt flag TMR0IF
004B   30D8           00114         movlw   ~.39
004C   0081           00115         movwf   TMR0                    ;Repone el TMR0 con ~.39
004D   0009           00116         retfie
MPASM  5.51                          PRJ2.ASM   7-8-2016  13:49:20         PAGE  4


LOC  OBJECT CODE     LINE SOURCE TEXT
  VALUE

                      00117         ;goto Seguir
                      00118 
                      00119 ;*************************************************************************************
004E                  00120 INTERB
004E   1806           00121         BTFSC           PORTB,0                                                                         
                                                                    
004F   2???           00122         GOTO            increment                                                                       
                                                                            
0050   1886           00123         BTFSC           PORTB,1                                                                         
                                                                    
0051   2???           00124         GOTO            decrement
0052   100B           00125         bcf         INTCON,0
0053   0009           00126         retfie
                      00127 
0054                  00128 increment
0054   100B           00129         bcf     INTCON,0            
0055   01A7           00130         clrf    intentos
0056   0AA3           00131         INCF    unidades,f      
0057   3002           00132         movlw   .2   ; era 5 pero en la sustentacion subo de nivel por 2 aciertos
0058   0223           00133         subwf   unidades,w
0059   1D03           00134         btfss   STATUS,2
005A   0009           00135         retfie;goto     fin_RB0
005B   01A3           00136         clrf    unidades
Message[305]: Using default destination of 1 (file).
005C   0AA2           00137         incf    decenas
005D   3004           00138         movlw   .4
005E   0222           00139         subwf   decenas,w
005F   1D03           00140         btfss   STATUS,2
0060   0009           00141         retfie;goto     fin_RB0
0061   01A2           00142         clrf    decenas
0062   2???           00143         goto    victoria_decenas
                      00144 
0063                  00145 decrement
0063   100B           00146         bcf   INTCON,0          
0064   0AA7           00147         incf  intentos,F
0065   3003           00148         movlw .3  ; era con 8 pero en la sustentacion lo cambie a 3 
0066   0227           00149         subwf intentos,W
0067   1903           00150         btfsc STATUS,2
0068   2???           00151         goto  derrota_decenas   
0069   01A3           00152         clrf  unidades
006A   0009           00153         retfie
                      00154 
006B                  00155 derrota_decenas
                      00156         ; aqui tengo que mostrar en el display PD
006B   300A           00157         movlw    .10
006C   00A2           00158         movwf    decenas
                      00159     
006D                  00160 derrota_unidades
006D   3000           00161         movlw   .0
006E   00A3           00162         movwf   unidades        
006F   0009           00163         retfie
                      00164 
0070                  00165 victoria_decenas
MPASM  5.51                          PRJ2.ASM   7-8-2016  13:49:20         PAGE  5


LOC  OBJECT CODE     LINE SOURCE TEXT
  VALUE

0070   3006           00166         movlw    .6
0071   00A2           00167         movwf    decenas ; aniadi esta linea
                      00168 
0072                  00169 victoria_unidades
0072   3006           00170         movlw   .6
0073   00A3           00171         movwf   unidades  ; aniadi esta linea
0074   0009           00172         retfie
                      00173 
                      00174 ;Seguir
                      00175 ;       retfie  
                      00176 
                      00177 ; TABLA DE CONVERSION---------------------------------------------------------
                      00178 
0075                  00179 tabla
0075   0782           00180         ADDWF   PCL,F           ; PCL + W -> PCL                                        
0076   343F           00181         RETLW   0x3F            ; Retorna con el código del 0
0077   3406           00182                 RETLW   0x06            ; Retorna con el código del 1
0078   345B           00183                 RETLW   0x5B            ; Retorna con el código del 2
0079   344F           00184                 RETLW   0x4F            ; Retorna con el código del 3
007A   3466           00185                 RETLW   0x66            ; Retorna con el código del 4
007B   346D           00186                 RETLW   0x6D            ; Retorna con el código del 5
007C   347D           00187                 RETLW   0x7D            ; Retorna con el código del 6
007D   3407           00188                 RETLW   0x07            ; Retorna con el código del 7
007E   347F           00189                 RETLW   0x7F            ; Retorna con el código del 8
007F   3467           00190                 RETLW   0x67            ; Retorna con el código del 9
0080   3473           00191                 RETLW   0x73        ; Retorna con el codigo de la P
                      00192 
                      00193         INCLUDE     delay_ms.INC
                      00001 ;;--------------------------------------------------------------------------------
                      00002 ;;
                      00003 ;; Libreria de subrutinas de retraso en milisegundos
                      00004 ;;
                      00005 ;; Escrito por Andrew M. Bishop y editado por Almejandro para el español
                      00006 ;;
                      00007 ;;--------------------------------------------------------------------------------
                      00008 ;;
                      00009 ;; Variables requeridas / Constantes para la funcion de retraso en milisegundos
                      00010 ;;
                      00011 ;; Constantrs:   CLOCK           - La velocidad del PIC en Hz
                      00012 ;;
                      00013 ;; Variables:   delay_temp       - Guarda un dato temporal
                      00014 ;;
                      00015 ;;--------------------------------------------------------------------------------
                      00016 
                      00017 
                      00018 ;;--------------------------------------------------------------------------------
                      00019 ;;
                      00020 ;; Subrutina para retraso por un numero de milisegundos (para diferentes velocidades del reloj)
                      00021 ;;
                      00022 ;; Parametros:  w (in)          - En W el numero de milisegundos que queremos esperar
                      00023 ;;
                      00024 ;;--------------------------------------------------------------------------------
                      00025 
MPASM  5.51                          PRJ2.ASM   7-8-2016  13:49:20         PAGE  6


LOC  OBJECT CODE     LINE SOURCE TEXT
  VALUE

                      00026 
                      00027                 CBLOCK
  00000028            00028                 delay_tempms
                      00029                 ENDC
                      00030 
                      00031 
                      00032         IF      CLOCK==1000000
                      00033 
                      00034 ;; Timing analysis (at 1 MHz clock)
                      00035 ;; Load and call       =  3                     =    3
                      00036 ;; Static overhead = A = 11 + 4 * 59            =  247
                      00037 ;; Outer loop      = B = 10 * (delay-1)         = - 10 +  10 * delay
                      00038 ;; Inner loop      = C =  4 * 60 * (delay-1)    = -240 + 240 * delay
                      00039 ;; Total           = 250 * delay
                      00040 
                      00041 delay_ms_0
                      00042         goto    $+1             ; 2 ins (A)
                      00043         movwf   delay_tempms      ; 1 ins (A)
                      00044         movlw   .60              ; 1 ins (A)
                      00045 
                      00046 delay_ms_loop
                      00047         addlw   -1              ; 1 ins (A,B,C)
                      00048         btfss   STATUS,Z        ; 1 ins (C) / 2 ins (A,B)
                      00049         goto    delay_ms_loop   ; 2 ins (C)
                      00050 
                      00051         decf    delay_tempms,F    ; 1 ins (A,B)
                      00052         btfsc   STATUS,Z        ; 2 ins (B) / 1 ins (A)
                      00053         return                  ; 2 ins (A)
                      00054 
                      00055         nop                     ; 1 ins (B)
                      00056         movlw   .61             ; 1 ins (B)
                      00057         goto    delay_ms_loop   ; 2 ins (B)
                      00058 
                      00059 
                      00060         ENDIF   ; CLOCK==1000000
                      00061 
                      00062 ;;--------------------------------------------------------------------------------
                      00063 
                      00064         IF      CLOCK==2000000
                      00065 
                      00066 ;; Timing analysis (at 2 MHz clock)
                      00067 ;; Load and call       =  3                     =    3
                      00068 ;; Static overhead = A =  9 + 4 * 122           =  497
                      00069 ;; Outer loop      = B = 12 * (delay-1)         = - 12 +  12 * delay
                      00070 ;; Inner loop      = C =  4 * 122 * (delay-1)   = -488 + 488 * delay
                      00071 ;; Total           = 500 * delay
                      00072 
                      00073 delay_ms_0
                      00074         movwf   delay_tempms      ; 1 ins (A)
                      00075         movlw   .123             ; 1 ins (A)
                      00076 
                      00077 delay_ms_loop
                      00078         addlw   -1              ; 1 ins (A,B,C)
MPASM  5.51                          PRJ2.ASM   7-8-2016  13:49:20         PAGE  7


LOC  OBJECT CODE     LINE SOURCE TEXT
  VALUE

                      00079         btfss   STATUS,Z        ; 1 ins (C) / 2 ins (A,B)
                      00080         goto    delay_ms_loop   ; 2 ins (C)
                      00081 
                      00082         decf    delay_tempms,F    ; 1 ins (A,B)
                      00083         btfsc   STATUS,Z        ; 2 ins (B) / 1 ins (A)
                      00084         return                  ; 2 ins (A)
                      00085 
                      00086         goto    $+1             ; 2 ins (B)
                      00087         nop                     ; 1 ins (B)
                      00088         movlw   .123             ; 1 ins (B)
                      00089         goto    delay_ms_loop   ; 2 ins (B)
                      00090 
                      00091 
                      00092         ENDIF   ; CLOCK==2000000
                      00093 
                      00094 ;;--------------------------------------------------------------------------------
                      00095 
                      00096         IF      CLOCK==4000000
                      00097 
                      00098 ;; Timing analysis (at 4 MHz clock)
                      00099 ;; Load and call       =  3                     =    3
                      00100 ;; Static overhead = A =  9 + 4 * 247           =  997
                      00101 ;; Outer loop      = B = 12 * (delay-1)         = - 12 +  12 * delay
                      00102 ;; Inner loop      = C =  4 * 247 * (delay-1)   = -988 + 988 * delay
                      00103 ;; Total           = 1000 * delay
                      00104 
0081                  00105 delay_ms_0
0081   00A8           00106         movwf   delay_tempms      ; 1 ins (A)
0082   30F8           00107         movlw   .248             ; 1 ins (A)
                      00108 
0083                  00109 delay_ms_loop
0083   3EFF           00110         addlw   -1              ; 1 ins (A,B,C)
0084   1D03           00111         btfss   STATUS,Z        ; 1 ins (C) / 2 ins (A,B)
0085   2???           00112         goto    delay_ms_loop   ; 2 ins (C)
                      00113 
0086   03A8           00114         decf    delay_tempms,F    ; 1 ins (A,B)
0087   1903           00115         btfsc   STATUS,Z        ; 2 ins (B) / 1 ins (A)
0088   0008           00116         return                  ; 2 ins (A)
                      00117 
0089   2???           00118         goto    $+1             ; 2 ins (B)
008A   0000           00119         nop                     ; 1 ins (B)
008B   30F8           00120         movlw   .248             ; 1 ins (B)
008C   2???           00121         goto    delay_ms_loop   ; 2 ins (B)
                      00122 
                      00123 
                      00124         ENDIF   ; CLOCK==4000000
                      00125 
                      00126 ;;--------------------------------------------------------------------------------
                      00127 
                      00128         IF      CLOCK==8000000
                      00129 
                      00130 ;; Timing analysis (at 8 MHz clock)
                      00131 ;; Load and call       =  3                     =     3
MPASM  5.51                          PRJ2.ASM   7-8-2016  13:49:20         PAGE  8


LOC  OBJECT CODE     LINE SOURCE TEXT
  VALUE

                      00132 ;; Static overhead = A = 13 + 8 * 248           =  1997
                      00133 ;; Outer loop      = B = 16 * (delay-1)         = -  16 +   16 * delay
                      00134 ;; Inner loop      = C =  8 * 248 * (delay-1)   = -1984 + 1984 * delay
                      00135 ;; Total           = 2000 * delay
                      00136 
                      00137 delay_ms_0
                      00138         movwf   delay_tempms      ; 1 ins (A)
                      00139         movlw   .249             ; 1 ins (A)
                      00140 
                      00141 delay_ms_loop
                      00142         goto    $+1             ; 2 ins (A,B,C)
                      00143         goto    $+1             ; 2 ins (A,B,C)
                      00144         addlw   -1              ; 1 ins (A,B,C)
                      00145         btfss   STATUS,Z        ; 1 ins (C) / 2 ins (A,B)
                      00146         goto    delay_ms_loop   ; 2 ins (C)
                      00147 
                      00148         decf    delay_tempms,F    ; 1 ins (A,B)
                      00149         btfsc   STATUS,Z        ; 2 ins (B) / 1 ins (A)
                      00150         return                  ; 2 ins (A)
                      00151 
                      00152         goto    $+1             ; 2 ins (B)
                      00153         nop                     ; 1 ins (B)
                      00154         movlw   .249             ; 1 ins (B)
                      00155         goto    delay_ms_loop   ; 2 ins (B)
                      00156 
                      00157 
                      00158         ENDIF   ; CLOCK==8000000
                      00159 
                      00160 ;;--------------------------------------------------------------------------------
                      00161 
                      00162         IF      CLOCK==16000000
                      00163 
                      00164 ;; Timing analysis (at 16 MHz clock)
                      00165 ;; Load and call       =  3                     =     3
                      00166 ;; Static overhead = A = 13 + 16 * 249          =  3997
                      00167 ;; Outer loop      = B = 16 * (delay-1)         = -  16 +   16 * delay
                      00168 ;; Inner loop      = C = 16 * 249 * (delay-1)   = -3984 + 3984 * delay
                      00169 ;; Total           = 4000 * delay
                      00170 
                      00171 delay_ms_0
                      00172         movwf   delay_tempms      ; 1 ins (A)
                      00173         movlw   .250             ; 1 ins (A)
                      00174         goto    delay_ms_entry_A; 2 ins (A)
                      00175 
                      00176 delay_ms_loop
                      00177         goto    $+1             ; 2 ins (C)
                      00178         goto    $+1             ; 2 ins (C)
                      00179         goto    $+1             ; 2 ins (C)
                      00180 delay_ms_entry_B
                      00181         goto    $+1             ; 2 ins (B,C)
                      00182         goto    $+1             ; 2 ins (B,C)
                      00183 delay_ms_entry_A
                      00184         goto    $+1             ; 2 ins (A,B,C)
MPASM  5.51                          PRJ2.ASM   7-8-2016  13:49:20         PAGE  9


LOC  OBJECT CODE     LINE SOURCE TEXT
  VALUE

                      00185         addlw   -1              ; 1 ins (A,B,C)
                      00186         btfss   STATUS,Z        ; 1 ins (C) / 2 ins (A,B)
                      00187         goto    delay_ms_loop   ; 2 ins (C)
                      00188 
                      00189         decf    delay_tempms,F    ; 1 ins (A,B)
                      00190         btfsc   STATUS,Z        ; 2 ins (B) / 1 ins (A)
                      00191         return                  ; 2 ins (A)
                      00192 
                      00193         nop                     ; 1 ins (B)
                      00194         movlw   .250             ; 1 ins (B)
                      00195         goto    delay_ms_entry_B; 2 ins (B)
                      00196 
                      00197 
                      00198         ENDIF   ; CLOCK==16000000
                      00199 
                      00200 ;;--------------------------------------------------------------------------------
                      00201 
                      00202         IF      CLOCK==20000000
                      00203 
                      00204 ;; Timing analysis (at 20 MHz clock)
                      00205 ;; Load and call       =  3                     =     3
                      00206 ;; Static overhead = A = 17 + 20 * 249          =  4997
                      00207 ;; Outer loop      = B = 20 * (delay-1)         = -  20 +   20 * delay
                      00208 ;; Inner loop      = C = 20 * 249 * (delay-1)   = -4980 + 4980 * delay
                      00209 ;; Total           = 5000 * delay
                      00210 
                      00211 delay_ms_0
                      00212         movwf   delay_tempms      ; 1 ins (A)
                      00213         movlw   .250             ; 1 ins (A)
                      00214         goto    delay_ms_entry_A; 2 ins (A)
                      00215 
                      00216 delay_ms_loop
                      00217         goto    $+1             ; 2 ins (C)
                      00218         goto    $+1             ; 2 ins (C)
                      00219         goto    $+1             ; 2 ins (C)
                      00220 delay_ms_entry_B
                      00221         goto    $+1             ; 2 ins (B,C)
                      00222         goto    $+1             ; 2 ins (B,C)
                      00223 delay_ms_entry_A
                      00224         goto    $+1             ; 2 ins (A,B,C)
                      00225         goto    $+1             ; 2 ins (A,B,C)
                      00226         goto    $+1             ; 2 ins (A,B,C)
                      00227         addlw   -1              ; 1 ins (A,B,C)
                      00228         btfss   STATUS,Z        ; 1 ins (C) / 2 ins (A,B)
                      00229         goto    delay_ms_loop   ; 2 ins (C)
                      00230 
                      00231         decf    delay_tempms,F    ; 1 ins (A,B)
                      00232         btfsc   STATUS,Z        ; 2 ins (B) / 1 ins (A)
                      00233         return                  ; 2 ins (A)
                      00234 
                      00235         nop                     ; 1 ins (B)
                      00236         movlw   .250             ; 1 ins (B)
                      00237         goto    delay_ms_entry_B; 2 ins (B)
MPASM  5.51                          PRJ2.ASM   7-8-2016  13:49:20         PAGE 10


LOC  OBJECT CODE     LINE SOURCE TEXT
  VALUE

                      00238 
                      00239 
                      00240         ENDIF   ; CLOCK==20000000
                      00241 
                      00242 ;;--------------------------------------------------------------------------------
3FF0                  00194         END     
MPASM  5.51                          PRJ2.ASM   7-8-2016  13:49:20         PAGE 11


SYMBOL TABLE
  LABEL                             VALUE 

ABDEN                             00000000
ABDOVF                            00000007
ACKDT                             00000005
ACKEN                             00000004
ACKSTAT                           00000006
ADCON0                            0000001F
ADCON1                            0000009F
ADCS0                             00000006
ADCS1                             00000007
ADDEN                             00000003
ADFM                              00000007
ADIE                              00000006
ADIF                              00000006
ADON                              00000000
ADRESH                            0000001E
ADRESL                            0000009E
ANS0                              00000000
ANS1                              00000001
ANS10                             00000002
ANS11                             00000003
ANS12                             00000004
ANS13                             00000005
ANS2                              00000002
ANS3                              00000003
ANS4                              00000004
ANS5                              00000005
ANS6                              00000006
ANS7                              00000007
ANS8                              00000000
ANS9                              00000001
ANSEL                             00000188
ANSELH                            00000189
BAUDCTL                           00000187
BCLIE                             00000003
BCLIF                             00000003
BF                                00000000
BRG0                              00000000
BRG1                              00000001
BRG10                             00000002
BRG11                             00000003
BRG12                             00000004
BRG13                             00000005
BRG14                             00000006
BRG15                             00000007
BRG16                             00000003
BRG2                              00000002
BRG3                              00000003
BRG4                              00000004
BRG5                              00000005
BRG6                              00000006
BRG7                              00000007
BRG8                              00000000
BRG9                              00000001
MPASM  5.51                          PRJ2.ASM   7-8-2016  13:49:20         PAGE 12


SYMBOL TABLE
  LABEL                             VALUE 

BRGH                              00000002
C                                 00000000
C1CH0                             00000000
C1CH1                             00000001
C1IE                              00000005
C1IF                              00000005
C1OE                              00000005
C1ON                              00000007
C1OUT                             00000006
C1POL                             00000004
C1R                               00000002
C1RSEL                            00000005
C1SEN                             00000005
C2CH0                             00000000
C2CH1                             00000001
C2IE                              00000006
C2IF                              00000006
C2OE                              00000005
C2ON                              00000007
C2OUT                             00000006
C2POL                             00000004
C2R                               00000002
C2REN                             00000004
C2RSEL                            00000004
C2SYNC                            00000000
CCP1CON                           00000017
CCP1IE                            00000002
CCP1IF                            00000002
CCP1M0                            00000000
CCP1M1                            00000001
CCP1M2                            00000002
CCP1M3                            00000003
CCP1X                             00000005
CCP1Y                             00000004
CCP2CON                           0000001D
CCP2IE                            00000000
CCP2IF                            00000000
CCP2M0                            00000000
CCP2M1                            00000001
CCP2M2                            00000002
CCP2M3                            00000003
CCP2X                             00000005
CCP2Y                             00000004
CCPR1                             00000015
CCPR1H                            00000016
CCPR1L                            00000015
CCPR2                             0000001B
CCPR2H                            0000001C
CCPR2L                            0000001B
CHS0                              00000002
CHS1                              00000003
CHS2                              00000004
CHS3                              00000005
MPASM  5.51                          PRJ2.ASM   7-8-2016  13:49:20         PAGE 13


SYMBOL TABLE
  LABEL                             VALUE 

CKE                               00000006
CKP                               00000004
CLOCK                             04000000
CM1CON0                           00000107
CM2CON0                           00000108
CM2CON1                           00000109
CREN                              00000004
CSRC                              00000007
D                                 00000005
DATA_ADDRESS                      00000005
DC                                00000001
DC1B0                             00000004
DC1B1                             00000005
DC2B0                             00000004
DC2B1                             00000005
D_A                               00000005
D_NOT_A                           00000005
Delay_ms                          
Delay_s                           
Delay_us                          
ECCPAS                            0000009C
ECCPAS0                           00000004
ECCPAS1                           00000005
ECCPAS2                           00000006
ECCPASE                           00000007
EEADR                             0000010D
EEADRH                            0000010F
EECON1                            0000018C
EECON2                            0000018D
EEDAT                             0000010C
EEDATA                            0000010C
EEDATH                            0000010E
EEIE                              00000004
EEIF                              00000004
EEPGD                             00000007
F                                 00000001
FERR                              00000002
FSR                               00000004
FVREN                             00000000
GCEN                              00000007
GIE                               00000007
GO                                00000001
GO_DONE                           00000001
GO_NOT_DONE                       00000001
HTS                               00000002
I2C_DATA                          00000005
I2C_READ                          00000002
I2C_START                         00000003
I2C_STOP                          00000004
INDF                              00000000
INTCON                            0000000B
INTE                              00000004
INTEDG                            00000006
MPASM  5.51                          PRJ2.ASM   7-8-2016  13:49:20         PAGE 14


SYMBOL TABLE
  LABEL                             VALUE 

INTERB                            0000004E
INTERRUPCION                      0000002C
INTF                              00000001
IOCB                              00000096
IOCB0                             00000000
IOCB1                             00000001
IOCB2                             00000002
IOCB3                             00000003
IOCB4                             00000004
IOCB5                             00000005
IOCB6                             00000006
IOCB7                             00000007
IRCF0                             00000004
IRCF1                             00000005
IRCF2                             00000006
IRP                               00000007
LOOP                              0000002A
LTS                               00000001
MAIN                              00000005
MC1OUT                            00000007
MC2OUT                            00000006
MSK                               00000093
MSK0                              00000000
MSK1                              00000001
MSK2                              00000002
MSK3                              00000003
MSK4                              00000004
MSK5                              00000005
MSK6                              00000006
MSK7                              00000007
NOT_A                             00000005
NOT_ADDRESS                       00000005
NOT_BO                            00000000
NOT_BOR                           00000000
NOT_DONE                          00000001
NOT_PD                            00000003
NOT_POR                           00000001
NOT_RBPU                          00000007
NOT_RC8                           00000006
NOT_T1SYNC                        00000002
NOT_TO                            00000004
NOT_TX8                           00000006
NOT_W                             00000002
NOT_WRITE                         00000002
OERR                              00000001
OPTION_REG                        00000081
OSCCON                            0000008F
OSCTUNE                           00000090
OSFIE                             00000007
OSFIF                             00000007
OSTS                              00000003
P                                 00000004
P1M0                              00000006
MPASM  5.51                          PRJ2.ASM   7-8-2016  13:49:20         PAGE 15


SYMBOL TABLE
  LABEL                             VALUE 

P1M1                              00000007
PCL                               00000002
PCLATH                            0000000A
PCON                              0000008E
PDC0                              00000000
PDC1                              00000001
PDC2                              00000002
PDC3                              00000003
PDC4                              00000004
PDC5                              00000005
PDC6                              00000006
PEIE                              00000006
PEN                               00000002
PIE1                              0000008C
PIE2                              0000008D
PIR1                              0000000C
PIR2                              0000000D
PORTA                             00000005
PORTB                             00000006
PORTC                             00000007
PORTD                             00000008
PORTE                             00000009
PR2                               00000092
PRSEN                             00000007
PS0                               00000000
PS1                               00000001
PS2                               00000002
PSA                               00000003
PSSAC0                            00000002
PSSAC1                            00000003
PSSBD0                            00000000
PSSBD1                            00000001
PSTRCON                           0000009D
PULSR                             00000002
PULSS                             00000003
PWM1CON                           0000009B
R                                 00000002
RA0                               00000000
RA1                               00000001
RA2                               00000002
RA3                               00000003
RA4                               00000004
RA5                               00000005
RA6                               00000006
RA7                               00000007
RB0                               00000000
RB1                               00000001
RB2                               00000002
RB3                               00000003
RB4                               00000004
RB5                               00000005
RB6                               00000006
RB7                               00000007
MPASM  5.51                          PRJ2.ASM   7-8-2016  13:49:20         PAGE 16


SYMBOL TABLE
  LABEL                             VALUE 

RBIE                              00000003
RBIF                              00000000
RC0                               00000000
RC1                               00000001
RC2                               00000002
RC3                               00000003
RC4                               00000004
RC5                               00000005
RC6                               00000006
RC7                               00000007
RC8_9                             00000006
RC9                               00000006
RCD8                              00000000
RCEN                              00000003
RCIDL                             00000006
RCIE                              00000005
RCIF                              00000005
RCREG                             0000001A
RCSTA                             00000018
RD                                00000000
RD0                               00000000
RD1                               00000001
RD2                               00000002
RD3                               00000003
RD4                               00000004
RD5                               00000005
RD6                               00000006
RD7                               00000007
RE0                               00000000
RE1                               00000001
RE2                               00000002
RE3                               00000003
READ_WRITE                        00000002
RP0                               00000005
RP1                               00000006
RSEN                              00000001
RX9                               00000006
RX9D                              00000000
R_NOT_W                           00000002
R_W                               00000002
S                                 00000003
SBOREN                            00000004
SCKP                              00000004
SCS                               00000000
SEN                               00000000
SENDB                             00000003
SMP                               00000007
SPBRG                             00000099
SPBRGH                            0000009A
SPEN                              00000007
SR0                               00000006
SR1                               00000007
SRCON                             00000185
MPASM  5.51                          PRJ2.ASM   7-8-2016  13:49:20         PAGE 17


SYMBOL TABLE
  LABEL                             VALUE 

SREN                              00000005
SSPADD                            00000093
SSPBUF                            00000013
SSPCON                            00000014
SSPCON2                           00000091
SSPEN                             00000005
SSPIE                             00000003
SSPIF                             00000003
SSPM0                             00000000
SSPM1                             00000001
SSPM2                             00000002
SSPM3                             00000003
SSPMSK                            00000093
SSPOV                             00000006
SSPSTAT                           00000094
STATUS                            00000003
STRA                              00000000
STRB                              00000001
STRC                              00000002
STRD                              00000003
STRSYNC                           00000004
SWDTEN                            00000000
SYNC                              00000004
T0CS                              00000005
T0IE                              00000005
T0IF                              00000002
T0SE                              00000004
T1CKPS0                           00000004
T1CKPS1                           00000005
T1CON                             00000010
T1GINV                            00000007
T1GIV                             00000007
T1GSS                             00000001
T1INSYNC                          00000002
T1OSCEN                           00000003
T1SYNC                            00000002
T2CKPS0                           00000000
T2CKPS1                           00000001
T2CON                             00000012
TMR0                              00000001
TMR0IE                            00000005
TMR0IF                            00000002
TMR1                              0000000E
TMR1CS                            00000001
TMR1GE                            00000006
TMR1H                             0000000F
TMR1IE                            00000000
TMR1IF                            00000000
TMR1L                             0000000E
TMR1ON                            00000000
TMR2                              00000011
TMR2IE                            00000001
TMR2IF                            00000001
MPASM  5.51                          PRJ2.ASM   7-8-2016  13:49:20         PAGE 18


SYMBOL TABLE
  LABEL                             VALUE 

TMR2ON                            00000002
TOUTPS0                           00000003
TOUTPS1                           00000004
TOUTPS2                           00000005
TOUTPS3                           00000006
TRISA                             00000085
TRISA0                            00000000
TRISA1                            00000001
TRISA2                            00000002
TRISA3                            00000003
TRISA4                            00000004
TRISA5                            00000005
TRISA6                            00000006
TRISA7                            00000007
TRISB                             00000086
TRISB0                            00000000
TRISB1                            00000001
TRISB2                            00000002
TRISB3                            00000003
TRISB4                            00000004
TRISB5                            00000005
TRISB6                            00000006
TRISB7                            00000007
TRISC                             00000087
TRISC0                            00000000
TRISC1                            00000001
TRISC2                            00000002
TRISC3                            00000003
TRISC4                            00000004
TRISC5                            00000005
TRISC6                            00000006
TRISC7                            00000007
TRISD                             00000088
TRISD0                            00000000
TRISD1                            00000001
TRISD2                            00000002
TRISD3                            00000003
TRISD4                            00000004
TRISD5                            00000005
TRISD6                            00000006
TRISD7                            00000007
TRISE                             00000089
TRISE0                            00000000
TRISE1                            00000001
TRISE2                            00000002
TRISE3                            00000003
TRMT                              00000001
TUN0                              00000000
TUN1                              00000001
TUN2                              00000002
TUN3                              00000003
TUN4                              00000004
TX8_9                             00000006
MPASM  5.51                          PRJ2.ASM   7-8-2016  13:49:20         PAGE 19


SYMBOL TABLE
  LABEL                             VALUE 

TX9                               00000006
TX9D                              00000000
TXD8                              00000000
TXEN                              00000005
TXIE                              00000004
TXIF                              00000004
TXREG                             00000019
TXSTA                             00000098
UA                                00000001
ULPWUE                            00000005
ULPWUIE                           00000002
ULPWUIF                           00000002
VCFG0                             00000004
VCFG1                             00000005
VR0                               00000000
VR1                               00000001
VR2                               00000002
VR3                               00000003
VRCON                             00000097
VREN                              00000007
VROE                              00000006
VRR                               00000005
VRSS                              00000004
W                                 00000000
WCOL                              00000007
WDTCON                            00000105
WDTPS0                            00000001
WDTPS1                            00000002
WDTPS2                            00000003
WDTPS3                            00000004
WPUB                              00000095
WPUB0                             00000000
WPUB1                             00000001
WPUB2                             00000002
WPUB3                             00000003
WPUB4                             00000004
WPUB5                             00000005
WPUB6                             00000006
WPUB7                             00000007
WR                                00000001
WREN                              00000002
WRERR                             00000003
WUE                               00000001
Z                                 00000002
_.org_1_0089                      00000089
_BOR21V                           00003EFF
_BOR40V                           00003FFF
_BOR4V_BOR21V                     00003EFF
_BOR4V_BOR40V                     00003FFF
_BOREN_NSLEEP                     00003EFF
_BOREN_OFF                        00003CFF
_BOREN_ON                         00003FFF
_BOREN_SBODEN                     00003DFF
MPASM  5.51                          PRJ2.ASM   7-8-2016  13:49:20         PAGE 20


SYMBOL TABLE
  LABEL                             VALUE 

_BOR_NSLEEP                       00003EFF
_BOR_OFF                          00003CFF
_BOR_ON                           00003FFF
_BOR_SBODEN                       00003DFF
_CONFIG1                          00002007
_CONFIG2                          00002008
_CPD_OFF                          00003FFF
_CPD_ON                           00003F7F
_CP_OFF                           00003FFF
_CP_ON                            00003FBF
_DEBUG_OFF                        00003FFF
_DEBUG_ON                         00001FFF
_DEVID1                           00002006
_EC_OSC                           00003FFB
_EXTRC                            00003FFF
_EXTRCIO                          00003FFE
_EXTRC_OSC_CLKOUT                 00003FFF
_EXTRC_OSC_NOCLKOUT               00003FFE
_FCMEN_OFF                        000037FF
_FCMEN_ON                         00003FFF
_FOSC_EC                          00003FFB
_FOSC_EXTRC_CLKOUT                00003FFF
_FOSC_EXTRC_NOCLKOUT              00003FFE
_FOSC_HS                          00003FFA
_FOSC_INTRC_CLKOUT                00003FFD
_FOSC_INTRC_NOCLKOUT              00003FFC
_FOSC_LP                          00003FF8
_FOSC_XT                          00003FF9
_HS_OSC                           00003FFA
_IDLOC0                           00002000
_IDLOC1                           00002001
_IDLOC2                           00002002
_IDLOC3                           00002003
_IESO_OFF                         00003BFF
_IESO_ON                          00003FFF
_INTOSC                           00003FFD
_INTOSCIO                         00003FFC
_INTRC_OSC_CLKOUT                 00003FFD
_INTRC_OSC_NOCLKOUT               00003FFC
_LP_OSC                           00003FF8
_LVP_OFF                          00002FFF
_LVP_ON                           00003FFF
_MCLRE_OFF                        00003FDF
_MCLRE_ON                         00003FFF
_PWRTE_OFF                        00003FFF
_PWRTE_ON                         00003FEF
_WDTE_OFF                         00003FF7
_WDTE_ON                          00003FFF
_WDT_OFF                          00003FF7
_WDT_ON                           00003FFF
_WRT_1FOURTH                      00003BFF
_WRT_256                          00003DFF
_WRT_HALF                         000039FF
MPASM  5.51                          PRJ2.ASM   7-8-2016  13:49:20         PAGE 21


SYMBOL TABLE
  LABEL                             VALUE 

_WRT_OFF                          00003FFF
_XT_OSC                           00003FF9
__16F887                          00000001
__DEBUG                           1
contador                          00000021
dec_cod                           00000024
decenas                           00000022
decrement                         00000063
delay_ms_0                        00000081
delay_ms_loop                     00000083
delay_tempms                      00000028
derrota_decenas                   0000006B
derrota_unidades                  0000006D
etiqueta_decenas                  0000003F
etiqueta_unidades                 00000033
increment                         00000054
intentos                          00000027
nivel                             00000026
seleccion                         00000020
tabla                             00000075
timer0                            0000004A
uni_cod                           00000025
unidades                          00000023
victoria_decenas                  00000070
victoria_unidades                 00000072

Errors   :     0
Warnings :     2 reported,     0 suppressed
Messages :     1 reported,     7 suppressed

