MPLINK 4.49, Linker
Linker Map File - Created Wed Jul 06 00:57:18 2016

                                 Section Info
                  Section       Type    Address   Location Size(Bytes)
                ---------  ---------  ---------  ---------  ---------
                   .org_0       code   0x000000    program   0x000002
                   .cinit    romdata   0x000001    program   0x000004
                   .org_1       code   0x000004    program   0x0000e4
      .config_2007_PRJ2.O       code   0x002007    program   0x000002



                              Program Memory Usage 
                               Start         End      
                           ---------   ---------      
                            0x000000    0x000002      
                            0x000004    0x000075      
                            0x002007    0x002007      
            118 out of 8455 program addresses used, program memory utilization is 1%



                              Symbols - Sorted by Name
                     Name    Address   Location    Storage File                     
                ---------  ---------  ---------  --------- ---------                
             INTERRUPCION   0x000027    program     static C:\Users\metac\Desktop\microcontroladores\prj2.asm
                     LOOP   0x000025    program     static C:\Users\metac\Desktop\microcontroladores\prj2.asm
                     MAIN   0x000005    program     static C:\Users\metac\Desktop\microcontroladores\prj2.asm
                   Seguir   0x000054    program     static C:\Users\metac\Desktop\microcontroladores\prj2.asm
             _.org_1_0072   0x000072    program     static C:\Users\metac\Desktop\microcontroladores\delay_ms.INC
               delay_ms_0   0x00006a    program     static C:\Users\metac\Desktop\microcontroladores\delay_ms.INC
            delay_ms_loop   0x00006c    program     static C:\Users\metac\Desktop\microcontroladores\delay_ms.INC
         etiqueta_decenas   0x000038    program     static C:\Users\metac\Desktop\microcontroladores\prj2.asm
        etiqueta_unidades   0x00002c    program     static C:\Users\metac\Desktop\microcontroladores\prj2.asm
                  fin_RB0   0x000053    program     static C:\Users\metac\Desktop\microcontroladores\prj2.asm
              inc_decenas   0x00005a    program     static C:\Users\metac\Desktop\microcontroladores\prj2.asm
             inc_unidades   0x000055    program     static C:\Users\metac\Desktop\microcontroladores\prj2.asm
                increment   0x000047    program     static C:\Users\metac\Desktop\microcontroladores\prj2.asm
                    tabla   0x00005f    program     static C:\Users\metac\Desktop\microcontroladores\prj2.asm
                   timer0   0x000043    program     static C:\Users\metac\Desktop\microcontroladores\prj2.asm



                              Symbols - Sorted by Address
                     Name    Address   Location    Storage File                     
                ---------  ---------  ---------  --------- ---------                
                     MAIN   0x000005    program     static C:\Users\metac\Desktop\microcontroladores\prj2.asm
                     LOOP   0x000025    program     static C:\Users\metac\Desktop\microcontroladores\prj2.asm
             INTERRUPCION   0x000027    program     static C:\Users\metac\Desktop\microcontroladores\prj2.asm
        etiqueta_unidades   0x00002c    program     static C:\Users\metac\Desktop\microcontroladores\prj2.asm
         etiqueta_decenas   0x000038    program     static C:\Users\metac\Desktop\microcontroladores\prj2.asm
                   timer0   0x000043    program     static C:\Users\metac\Desktop\microcontroladores\prj2.asm
                increment   0x000047    program     static C:\Users\metac\Desktop\microcontroladores\prj2.asm
                  fin_RB0   0x000053    program     static C:\Users\metac\Desktop\microcontroladores\prj2.asm
                   Seguir   0x000054    program     static C:\Users\metac\Desktop\microcontroladores\prj2.asm
             inc_unidades   0x000055    program     static C:\Users\metac\Desktop\microcontroladores\prj2.asm
              inc_decenas   0x00005a    program     static C:\Users\metac\Desktop\microcontroladores\prj2.asm
                    tabla   0x00005f    program     static C:\Users\metac\Desktop\microcontroladores\prj2.asm
               delay_ms_0   0x00006a    program     static C:\Users\metac\Desktop\microcontroladores\delay_ms.INC
            delay_ms_loop   0x00006c    program     static C:\Users\metac\Desktop\microcontroladores\delay_ms.INC
             _.org_1_0072   0x000072    program     static C:\Users\metac\Desktop\microcontroladores\delay_ms.INC


