MPLINK 4.49, Linker
Linker Map File - Created Thu Jul 07 20:59:36 2016

                                 Section Info
                  Section       Type    Address   Location Size(Bytes)
                ---------  ---------  ---------  ---------  ---------
                   .org_0       code   0x000000    program   0x000002
                   .cinit    romdata   0x000001    program   0x000004
                   .org_1       code   0x000004    program   0x000112
      .config_2007_PRJ2.O       code   0x002007    program   0x000002



                              Program Memory Usage 
                               Start         End      
                           ---------   ---------      
                            0x000000    0x000002      
                            0x000004    0x00008c      
                            0x002007    0x002007      
            141 out of 8455 program addresses used, program memory utilization is 1%



                              Symbols - Sorted by Name
                     Name    Address   Location    Storage File                     
                ---------  ---------  ---------  --------- ---------                
                   INTERB   0x00004e    program     static C:\Users\metac\Desktop\microcontroladores\prj2.asm
             INTERRUPCION   0x00002c    program     static C:\Users\metac\Desktop\microcontroladores\prj2.asm
                     LOOP   0x00002a    program     static C:\Users\metac\Desktop\microcontroladores\prj2.asm
                     MAIN   0x000005    program     static C:\Users\metac\Desktop\microcontroladores\prj2.asm
             _.org_1_0089   0x000089    program     static C:\Users\metac\Desktop\microcontroladores\delay_ms.INC
                decrement   0x000063    program     static C:\Users\metac\Desktop\microcontroladores\prj2.asm
               delay_ms_0   0x000081    program     static C:\Users\metac\Desktop\microcontroladores\delay_ms.INC
            delay_ms_loop   0x000083    program     static C:\Users\metac\Desktop\microcontroladores\delay_ms.INC
          derrota_decenas   0x00006b    program     static C:\Users\metac\Desktop\microcontroladores\prj2.asm
         derrota_unidades   0x00006d    program     static C:\Users\metac\Desktop\microcontroladores\prj2.asm
         etiqueta_decenas   0x00003f    program     static C:\Users\metac\Desktop\microcontroladores\prj2.asm
        etiqueta_unidades   0x000033    program     static C:\Users\metac\Desktop\microcontroladores\prj2.asm
                increment   0x000054    program     static C:\Users\metac\Desktop\microcontroladores\prj2.asm
                    tabla   0x000075    program     static C:\Users\metac\Desktop\microcontroladores\prj2.asm
                   timer0   0x00004a    program     static C:\Users\metac\Desktop\microcontroladores\prj2.asm
         victoria_decenas   0x000070    program     static C:\Users\metac\Desktop\microcontroladores\prj2.asm
        victoria_unidades   0x000072    program     static C:\Users\metac\Desktop\microcontroladores\prj2.asm



                              Symbols - Sorted by Address
                     Name    Address   Location    Storage File                     
                ---------  ---------  ---------  --------- ---------                
                     MAIN   0x000005    program     static C:\Users\metac\Desktop\microcontroladores\prj2.asm
                     LOOP   0x00002a    program     static C:\Users\metac\Desktop\microcontroladores\prj2.asm
             INTERRUPCION   0x00002c    program     static C:\Users\metac\Desktop\microcontroladores\prj2.asm
        etiqueta_unidades   0x000033    program     static C:\Users\metac\Desktop\microcontroladores\prj2.asm
         etiqueta_decenas   0x00003f    program     static C:\Users\metac\Desktop\microcontroladores\prj2.asm
                   timer0   0x00004a    program     static C:\Users\metac\Desktop\microcontroladores\prj2.asm
                   INTERB   0x00004e    program     static C:\Users\metac\Desktop\microcontroladores\prj2.asm
                increment   0x000054    program     static C:\Users\metac\Desktop\microcontroladores\prj2.asm
                decrement   0x000063    program     static C:\Users\metac\Desktop\microcontroladores\prj2.asm
          derrota_decenas   0x00006b    program     static C:\Users\metac\Desktop\microcontroladores\prj2.asm
         derrota_unidades   0x00006d    program     static C:\Users\metac\Desktop\microcontroladores\prj2.asm
         victoria_decenas   0x000070    program     static C:\Users\metac\Desktop\microcontroladores\prj2.asm
        victoria_unidades   0x000072    program     static C:\Users\metac\Desktop\microcontroladores\prj2.asm
                    tabla   0x000075    program     static C:\Users\metac\Desktop\microcontroladores\prj2.asm
               delay_ms_0   0x000081    program     static C:\Users\metac\Desktop\microcontroladores\delay_ms.INC
            delay_ms_loop   0x000083    program     static C:\Users\metac\Desktop\microcontroladores\delay_ms.INC
             _.org_1_0089   0x000089    program     static C:\Users\metac\Desktop\microcontroladores\delay_ms.INC


